Component: ARM Compiler 5.05 update 1 (build 106) Tool: armlink [4d0efa]

==============================================================================

Section Cross References

    main.o(.text) refers to delay.o(.text) for delay_init
    main.o(.text) refers to misc.o(.text) for NVIC_PriorityGroupConfig
    main.o(.text) refers to usart.o(.text) for uart_init
    main.o(.text) refers to led.o(.text) for LED_Init
    main.o(.text) refers to exti.o(.text) for EXTIX_Init
    main.o(.text) refers to lcd.o(.text) for LCD_Init
    main.o(.text) refers to rtc.o(.text) for RTC_Init
    main.o(.text) refers to snakegame.o(.text) for rungame
    main.o(.text) refers to lcd.o(.data) for POINT_COLOR
    system_stm32f10x.o(.text) refers to system_stm32f10x.o(.data) for SystemCoreClock
    snakegame.o(.text) refers to lcd.o(.text) for LCD_ShowChar
    snakegame.o(.text) refers to stm32f10x_rtc.o(.text) for RTC_GetCounter
    snakegame.o(.text) refers to rand.o(.text) for srand
    snakegame.o(.text) refers to rand.o(.emb_text) for rand
    snakegame.o(.text) refers to delay.o(.text) for delay_ms
    snakegame.o(.text) refers to snakegame.o(.data) for flag
    led.o(.text) refers to stm32f10x_rcc.o(.text) for RCC_APB2PeriphClockCmd
    led.o(.text) refers to stm32f10x_gpio.o(.text) for GPIO_Init
    key.o(.text) refers to stm32f10x_rcc.o(.text) for RCC_APB2PeriphClockCmd
    key.o(.text) refers to stm32f10x_gpio.o(.text) for GPIO_Init
    key.o(.text) refers to delay.o(.text) for delay_ms
    key.o(.text) refers to key.o(.data) for key_up
    lcd.o(.text) refers to _printf_percent.o(.ARM.Collect$$_printf_percent$$00000000) for _printf_percent
    lcd.o(.text) refers to _printf_x.o(.ARM.Collect$$_printf_percent$$0000000C) for _printf_x
    lcd.o(.text) refers to _printf_hex_int.o(.text) for _printf_longlong_hex
    lcd.o(.text) refers to delay.o(.text) for delay_us
    lcd.o(.text) refers to lcd.o(.bss) for lcddev
    lcd.o(.text) refers to lcd.o(.data) for POINT_COLOR
    lcd.o(.text) refers to dflt_clz.o(x$fpl$dfltu) for __aeabi_ui2d
    lcd.o(.text) refers to dmul.o(x$fpl$dmul) for __aeabi_dmul
    lcd.o(.text) refers to dfixu.o(x$fpl$dfixu) for __aeabi_d2uiz
    lcd.o(.text) refers to stm32f10x_rcc.o(.text) for RCC_AHBPeriphClockCmd
    lcd.o(.text) refers to stm32f10x_gpio.o(.text) for GPIO_Init
    lcd.o(.text) refers to stm32f10x_fsmc.o(.text) for FSMC_NORSRAMInit
    lcd.o(.text) refers to noretval__2printf.o(.text) for __2printf
    lcd.o(.text) refers to lcd.o(.constdata) for asc2_1206
    rtc.o(.text) refers to _printf_percent.o(.ARM.Collect$$_printf_percent$$00000000) for _printf_percent
    rtc.o(.text) refers to _printf_d.o(.ARM.Collect$$_printf_percent$$00000009) for _printf_d
    rtc.o(.text) refers to _printf_dec.o(.text) for _printf_int_dec
    rtc.o(.text) refers to misc.o(.text) for NVIC_Init
    rtc.o(.text) refers to stm32f10x_rtc.o(.text) for RTC_GetCounter
    rtc.o(.text) refers to stm32f10x_rcc.o(.text) for RCC_APB1PeriphClockCmd
    rtc.o(.text) refers to stm32f10x_pwr.o(.text) for PWR_BackupAccessCmd
    rtc.o(.text) refers to stm32f10x_bkp.o(.text) for BKP_ReadBackupRegister
    rtc.o(.text) refers to delay.o(.text) for delay_ms
    rtc.o(.text) refers to noretval__2printf.o(.text) for __2printf
    rtc.o(.text) refers to rtc.o(.constdata) for table_week
    rtc.o(.text) refers to rtc.o(.data) for daycnt
    rtc.o(.text) refers to rtc.o(.bss) for calendar
    exti.o(.text) refers to key.o(.text) for KEY_Init
    exti.o(.text) refers to stm32f10x_rcc.o(.text) for RCC_APB2PeriphClockCmd
    exti.o(.text) refers to stm32f10x_gpio.o(.text) for GPIO_EXTILineConfig
    exti.o(.text) refers to stm32f10x_exti.o(.text) for EXTI_Init
    exti.o(.text) refers to misc.o(.text) for NVIC_Init
    exti.o(.text) refers to delay.o(.text) for delay_ms
    exti.o(.text) refers to snakegame.o(.data) for flag
    beep.o(.text) refers to stm32f10x_rcc.o(.text) for RCC_APB2PeriphClockCmd
    beep.o(.text) refers to stm32f10x_gpio.o(.text) for GPIO_Init
    delay.o(.text) refers to misc.o(.text) for SysTick_CLKSourceConfig
    delay.o(.text) refers to system_stm32f10x.o(.data) for SystemCoreClock
    delay.o(.text) refers to delay.o(.data) for fac_us
    usart.o(.text) refers (Special) to use_no_semi_2.o(.text) for __use_no_semihosting
    usart.o(.text) refers to stm32f10x_rcc.o(.text) for RCC_APB2PeriphClockCmd
    usart.o(.text) refers to stm32f10x_gpio.o(.text) for GPIO_Init
    usart.o(.text) refers to misc.o(.text) for NVIC_Init
    usart.o(.text) refers to stm32f10x_usart.o(.text) for USART_Init
    usart.o(.text) refers to usart.o(.data) for USART_RX_STA
    usart.o(.text) refers to usart.o(.bss) for USART_RX_BUF
    usart.o(.bss) refers (Special) to use_no_semi_2.o(.text) for __use_no_semihosting
    usart.o(.data) refers (Special) to use_no_semi_2.o(.text) for __use_no_semihosting
[...]
    ..\HARDWARE\RTC\rtc.c                    0x00000000   Number         0  rtc.o ABSOLUTE
    ..\STM32F10x_FWLib\src\misc.c            0x00000000   Number         0  misc.o ABSOLUTE
    ..\STM32F10x_FWLib\src\stm32f10x_bkp.c   0x00000000   Number         0  stm32f10x_bkp.o ABSOLUTE
    ..\STM32F10x_FWLib\src\stm32f10x_exti.c  0x00000000   Number         0  stm32f10x_exti.o ABSOLUTE
    ..\STM32F10x_FWLib\src\stm32f10x_fsmc.c  0x00000000   Number         0  stm32f10x_fsmc.o ABSOLUTE
    ..\STM32F10x_FWLib\src\stm32f10x_gpio.c  0x00000000   Number         0  stm32f10x_gpio.o ABSOLUTE
    ..\STM32F10x_FWLib\src\stm32f10x_pwr.c   0x00000000   Number         0  stm32f10x_pwr.o ABSOLUTE
    ..\STM32F10x_FWLib\src\stm32f10x_rcc.c   0x00000000   Number         0  stm32f10x_rcc.o ABSOLUTE
    ..\STM32F10x_FWLib\src\stm32f10x_rtc.c   0x00000000   Number         0  stm32f10x_rtc.o ABSOLUTE
    ..\STM32F10x_FWLib\src\stm32f10x_tim.c   0x00000000   Number         0  stm32f10x_tim.o ABSOLUTE
    ..\STM32F10x_FWLib\src\stm32f10x_usart.c 0x00000000   Number         0  stm32f10x_usart.o ABSOLUTE
    ..\SYSTEM\delay\delay.c                  0x00000000   Number         0  delay.o ABSOLUTE
    ..\SYSTEM\sys\sys.c                      0x00000000   Number         0  sys.o ABSOLUTE
    ..\SYSTEM\usart\usart.c                  0x00000000   Number         0  usart.o ABSOLUTE
    ..\USMART\usmart.c                       0x00000000   Number         0  usmart.o ABSOLUTE
    ..\USMART\usmart_config.c                0x00000000   Number         0  usmart_config.o ABSOLUTE
    ..\USMART\usmart_str.c                   0x00000000   Number         0  usmart_str.o ABSOLUTE
    ..\\CORE\\core_cm3.c                     0x00000000   Number         0  core_cm3.o ABSOLUTE
    ..\\SYSTEM\\sys\\sys.c                   0x00000000   Number         0  sys.o ABSOLUTE
    SnakeGame.c                              0x00000000   Number         0  snakegame.o ABSOLUTE
    dc.s                                     0x00000000   Number         0  dc.o ABSOLUTE
    main.c                                   0x00000000   Number         0  main.o ABSOLUTE
    stm32f10x_it.c                           0x00000000   Number         0  stm32f10x_it.o ABSOLUTE
    system_stm32f10x.c                       0x00000000   Number         0  system_stm32f10x.o ABSOLUTE
    RESET                                    0x08000000   Section      304  startup_stm32f10x_hd.o(RESET)
    !!!main                                  0x08000130   Section        8  __main.o(!!!main)
    !!!scatter                               0x08000138   Section       52  __scatter.o(!!!scatter)
    !!dczerorl2                              0x0800016c   Section       90  __dczerorl2.o(!!dczerorl2)
    !!handler_zi                             0x080001c8   Section       28  __scatter_zi.o(!!handler_zi)
    .ARM.Collect$$_printf_percent$$00000000  0x080001e4   Section        0  _printf_percent.o(.ARM.Collect$$_printf_percent$$00000000)
    .ARM.Collect$$_printf_percent$$00000009  0x080001e4   Section        6  _printf_d.o(.ARM.Collect$$_printf_percent$$00000009)
    .ARM.Collect$$_printf_percent$$0000000A  0x080001ea   Section        6  _printf_u.o(.ARM.Collect$$_printf_percent$$0000000A)
    .ARM.Collect$$_printf_percent$$0000000C  0x080001f0   Section        6  _printf_x.o(.ARM.Collect$$_printf_percent$$0000000C)
    .ARM.Collect$$_printf_percent$$00000013  0x080001f6   Section        6  _printf_c.o(.ARM.Collect$$_printf_percent$$00000013)
    .ARM.Collect$$_printf_percent$$00000014  0x080001fc   Section        6  _printf_s.o(.ARM.Collect$$_printf_percent$$00000014)
    .ARM.Collect$$_printf_percent$$00000017  0x08000202   Section        4  _printf_percent_end.o(.ARM.Collect$$_printf_percent$$00000017)
    .ARM.Collect$$libinit$$00000000          0x08000206   Section        2  libinit.o(.ARM.Collect$$libinit$$00000000)
    .ARM.Collect$$libinit$$00000002          0x08000208   Section        0  libinit2.o(.ARM.Collect$$libinit$$00000002)
    .ARM.Collect$$libinit$$00000004          0x08000208   Section        0  libinit2.o(.ARM.Collect$$libinit$$00000004)
    .ARM.Collect$$libinit$$0000000A          0x08000208   Section        0  libinit2.o(.ARM.Collect$$libinit$$0000000A)
    .ARM.Collect$$libinit$$0000000C          0x08000208   Section        0  libinit2.o(.ARM.Collect$$libinit$$0000000C)
    .ARM.Collect$$libinit$$0000000D          0x08000208   Section        4  libinit2.o(.ARM.Collect$$libinit$$0000000D)
    .ARM.Collect$$libinit$$0000000E          0x0800020c   Section        0  libinit2.o(.ARM.Collect$$libinit$$0000000E)
    .ARM.Collect$$libinit$$00000011          0x0800020c   Section        0  libinit2.o(.ARM.Collect$$libinit$$00000011)
    .ARM.Collect$$libinit$$00000013          0x0800020c   Section        0  libinit2.o(.ARM.Collect$$libinit$$00000013)
    .ARM.Collect$$libinit$$00000015          0x0800020c   Section        0  libinit2.o(.ARM.Collect$$libinit$$00000015)
    .ARM.Collect$$libinit$$00000017          0x0800020c   Section        0  libinit2.o(.ARM.Collect$$libinit$$00000017)
    .ARM.Collect$$libinit$$00000019          0x0800020c   Section        0  libinit2.o(.ARM.Collect$$libinit$$00000019)
    .ARM.Collect$$libinit$$0000001B          0x0800020c   Section        0  libinit2.o(.ARM.Collect$$libinit$$0000001B)
    .ARM.Collect$$libinit$$0000001D          0x0800020c   Section        0  libinit2.o(.ARM.Collect$$libinit$$0000001D)
    .ARM.Collect$$libinit$$0000001F          0x0800020c   Section        0  libinit2.o(.ARM.Collect$$libinit$$0000001F)
    .ARM.Collect$$libinit$$00000021          0x0800020c   Section        0  libinit2.o(.ARM.Collect$$libinit$$00000021)
    .ARM.Collect$$libinit$$00000023          0x0800020c   Section        0  libinit2.o(.ARM.Collect$$libinit$$00000023)
    .ARM.Collect$$libinit$$00000025          0x0800020c   Section        0  libinit2.o(.ARM.Collect$$libinit$$00000025)
    .ARM.Collect$$libinit$$0000002C          0x0800020c   Section        0  libinit2.o(.ARM.Collect$$libinit$$0000002C)
    .ARM.Collect$$libinit$$0000002E          0x0800020c   Section        0  libinit2.o(.ARM.Collect$$libinit$$0000002E)
    .ARM.Collect$$libinit$$00000030          0x0800020c   Section        0  libinit2.o(.ARM.Collect$$libinit$$00000030)
    .ARM.Collect$$libinit$$00000032          0x0800020c   Section        0  libinit2.o(.ARM.Collect$$libinit$$00000032)
    .ARM.Collect$$libinit$$00000033          0x0800020c   Section        2  libinit2.o(.ARM.Collect$$libinit$$00000033)
    .ARM.Collect$$libshutdown$$00000000      0x0800020e   Section        2  libshutdown.o(.ARM.Collect$$libshutdown$$00000000)
    .ARM.Collect$$libshutdown$$00000003      0x08000210   Section        0  libshutdown2.o(.ARM.Collect$$libshutdown$$00000003)
    .ARM.Collect$$libshutdown$$00000006      0x08000210   Section        0  libshutdown2.o(.ARM.Collect$$libshutdown$$00000006)
    .ARM.Collect$$libshutdown$$00000009      0x08000210   Section        0  libshutdown2.o(.ARM.Collect$$libshutdown$$00000009)
    .ARM.Collect$$libshutdown$$0000000B      0x08000210   Section        0  libshutdown2.o(.ARM.Collect$$libshutdown$$0000000B)
    .ARM.Collect$$libshutdown$$0000000E      0x08000210   Section        0  libshutdown2.o(.ARM.Collect$$libshutdown$$0000000E)
    .ARM.Collect$$libshutdown$$0000000F      0x08000210   Section        2  libshutdown2.o(.ARM.Collect$$libshutdown$$0000000F)
    .ARM.Collect$$rtentry$$00000000          0x08000212   Section        0  __rtentry.o(.ARM.Collect$$rtentry$$00000000)
    .ARM.Collect$$rtentry$$00000002          0x08000212   Section        0  __rtentry2.o(.ARM.Collect$$rtentry$$00000002)
    .ARM.Collect$$rtentry$$00000004          0x08000212   Section        6  __rtentry4.o(.ARM.Collect$$rtentry$$00000004)
    .ARM.Collect$$rtentry$$00000009          0x08000218   Section        0  __rtentry2.o(.ARM.Collect$$rtentry$$00000009)
    .ARM.Collect$$rtentry$$0000000A          0x08000218   Section        4  __rtentry2.o(.ARM.Collect$$rtentry$$0000000A)
    .ARM.Collect$$rtentry$$0000000C          0x0800021c   Section        0  __rtentry2.o(.ARM.Collect$$rtentry$$0000000C)
    .ARM.Collect$$rtentry$$0000000D          0x0800021c   Section        8  __rtentry2.o(.ARM.Collect$$rtentry$$0000000D)
    .ARM.Collect$$rtexit$$00000000           0x08000224   Section        2  rtexit.o(.ARM.Collect$$rtexit$$00000000)
    .ARM.Collect$$rtexit$$00000002           0x08000226   Section        0  rtexit2.o(.ARM.Collect$$rtexit$$00000002)
    .ARM.Collect$$rtexit$$00000003           0x08000226   Section        4  rtexit2.o(.ARM.Collect$$rtexit$$00000003)
    .ARM.Collect$$rtexit$$00000004           0x0800022a   Section        6  rtexit2.o(.ARM.Collect$$rtexit$$00000004)
    .emb_text                                0x08000230   Section       52  rand.o(.emb_text)
    .text                                    0x08000264   Section        0  main.o(.text)
    .text                                    0x080002a0   Section        0  stm32f10x_it.o(.text)
    .text                                    0x080002bc   Section        0  system_stm32f10x.o(.text)
    SetSysClockTo72                          0x080002bd   Thumb Code   214  system_stm32f10x.o(.text)
    SetSysClock                              0x08000393   Thumb Code     8  system_stm32f10x.o(.text)
    .text                                    0x0800049c   Section        0  snakegame.o(.text)
    .text                                    0x0800090c   Section        0  led.o(.text)
    .text                                    0x08000958   Section        0  key.o(.text)
    .text                                    0x08000a30   Section        0  lcd.o(.text)
    .text                                    0x08005488   Section        0  rtc.o(.text)
    RTC_NVIC_Config                          0x08005489   Thumb Code    32  rtc.o(.text)
    .text                                    0x08005900   Section        0  exti.o(.text)
    .text                                    0x08005a44   Section        0  delay.o(.text)
    .text                                    0x08005b18   Section        0  usart.o(.text)
    .text                                    0x08005c58   Section       64  startup_stm32f10x_hd.o(.text)
    .text                                    0x08005c98   Section        0  misc.o(.text)
    .text                                    0x08005d74   Section        0  stm32f10x_bkp.o(.text)
    .text                                    0x08005e38   Section        0  stm32f10x_fsmc.o(.text)
    .text                                    0x08006444   Section        0  stm32f10x_gpio.o(.text)
    .text                                    0x080067a0   Section        0  stm32f10x_pwr.o(.text)
    .text                                    0x0800686c   Section        0  stm32f10x_rcc.o(.text)
    .text                                    0x08006c10   Section        0  stm32f10x_usart.o(.text)
    .text                                    0x08007018   Section        0  stm32f10x_rtc.o(.text)
    .text                                    0x08007160   Section        0  stm32f10x_tim.o(.text)
    TI4_Config                               0x08007607   Thumb Code   130  stm32f10x_tim.o(.text)
    TI3_Config                               0x0800769b   Thumb Code   122  stm32f10x_tim.o(.text)
    TI2_Config                               0x0800772f   Thumb Code   130  stm32f10x_tim.o(.text)
    TI1_Config                               0x080077c3   Thumb Code   108  stm32f10x_tim.o(.text)
    .text                                    0x08007f7c   Section        0  stm32f10x_exti.o(.text)
    .text                                    0x08008098   Section        0  usmart.o(.text)
    .text                                    0x08008cd0   Section        0  usmart_str.o(.text)
    .text                                    0x080091f8   Section        2  use_no_semi_2.o(.text)
    .text                                    0x080091fc   Section        0  noretval__2printf.o(.text)
    .text                                    0x08009214   Section        0  _printf_pad.o(.text)
    .text                                    0x08009262   Section        0  _printf_str.o(.text)
    .text                                    0x080092b4   Section        0  _printf_dec.o(.text)
    .text                                    0x0800932c   Section        0  _printf_hex_int.o(.text)
    .text                                    0x08009384   Section        0  __printf_flags_ss_wp.o(.text)
    .text                                    0x0800950c   Section        0  rand.o(.text)
    .text                                    0x08009548   Section        0  heapauxi.o(.text)
    .text                                    0x0800954e   Section        2  use_no_semi.o(.text)
    .text                                    0x08009550   Section        0  _printf_intcommon.o(.text)
    .text                                    0x08009602   Section        0  _printf_char.o(.text)
    .text                                    0x08009630   Section        0  _printf_char_file.o(.text)
    .text                                    0x08009654   Section        0  _printf_char_common.o(.text)
    _printf_input_char                       0x08009655   Thumb Code    10  _printf_char_common.o(.text)
    .text                                    0x08009684   Section        0  ferror.o(.text)
    .text                                    0x0800968c   Section       74  sys_stackheap_outer.o(.text)
    .text                                    0x080096d6   Section        0  exit.o(.text)
    .text                                    0x080096e4   Section        8  libspace.o(.text)
    i._is_digit                              0x080096ec   Section        0  __printf_wp.o(i._is_digit)
    x$fpl$dfixu                              0x080096fc   Section       90  dfixu.o(x$fpl$dfixu)
    x$fpl$dfltu                              0x08009756   Section       38  dflt_clz.o(x$fpl$dfltu)
    x$fpl$dmul                               0x0800977c   Section      340  dmul.o(x$fpl$dmul)
    x$fpl$dnaninf                            0x080098d0   Section      156  dnaninf.o(x$fpl$dnaninf)
    x$fpl$dretinf                            0x0800996c   Section       12  dretinf.o(x$fpl$dretinf)
    .constdata                               0x08009978   Section     6080  lcd.o(.constdata)
    x$fpl$usenofp                            0x08009978   Section        0  usenofp.o(x$fpl$usenofp)
    .constdata                               0x0800b138   Section       24  rtc.o(.constdata)
    .constdata                               0x0800b150   Section       40  _printf_hex_int.o(.constdata)
    uc_hextab                                0x0800b150   Data          20  _printf_hex_int.o(.constdata)
    lc_hextab                                0x0800b164   Data          20  _printf_hex_int.o(.constdata)
    .constdata                               0x0800b178   Section       17  __printf_flags_ss_wp.o(.constdata)
    maptable                                 0x0800b178   Data          17  __printf_flags_ss_wp.o(.constdata)
    .conststring                             0x0800b18c   Section       40  usmart.o(.conststring)
    .conststring                             0x0800b1b4   Section      167  usmart_config.o(.conststring)
    .data                                    0x20000000   Section       20  system_stm32f10x.o(.data)
    .data                                    0x20000014   Section        8  snakegame.o(.data)
    .data                                    0x2000001c   Section        1  key.o(.data)
    key_up                                   0x2000001c   Data           1  key.o(.data)
    .data                                    0x2000001e   Section        4  lcd.o(.data)
    .data                                    0x20000022   Section        2  rtc.o(.data)
    daycnt                                   0x20000022   Data           2  rtc.o(.data)
    .data                                    0x20000024   Section        4  delay.o(.data)
    fac_us                                   0x20000024   Data           1  delay.o(.data)
    fac_ms                                   0x20000026   Data           2  delay.o(.data)
    .data                                    0x20000028   Section        6  usart.o(.data)
    .data                                    0x2000002e   Section       20  stm32f10x_rcc.o(.data)
    APBAHBPrescTable                         0x2000002e   Data          16  stm32f10x_rcc.o(.data)
    ADCPrescTable                            0x2000003e   Data           4  stm32f10x_rcc.o(.data)
    .data                                    0x20000044   Section       28  usmart.o(.data)
    .data                                    0x20000060   Section      284  usmart_config.o(.data)
    .bss                                     0x2000017c   Section       14  lcd.o(.bss)
    .bss                                     0x2000018a   Section       10  rtc.o(.bss)
    .bss                                     0x20000194   Section      200  usart.o(.bss)
    .bss                                     0x2000025c   Section      228  rand.o(.bss)
    .bss                                     0x20000340   Section       96  libspace.o(.bss)
    HEAP                                     0x200003a0   Section      512  startup_stm32f10x_hd.o(HEAP)
    Heap_Mem                                 0x200003a0   Data         512  startup_stm32f10x_hd.o(HEAP)
    STACK                                    0x200005a0   Section     1024  startup_stm32f10x_hd.o(STACK)
    Stack_Mem                                0x200005a0   Data        1024  startup_stm32f10x_hd.o(STACK)
    __initial_sp                             0x200009a0   Data           0  startup_stm32f10x_hd.o(STACK)

    Global Symbols

    Symbol Name                              Value     Ov Type        Size  Object(Section)

    BuildAttributes$$THM_ISAv4$P$D$K$B$S$PE$A:L22UL41UL21$X:L11$S22US41US21$IEEE1$IW$USESV6$~STKCKD$USESV7$~SHL$OSPACE$ROPI$EBA8$UX$STANDARDLIB$REQ8$PRES8$EABIv2 0x00000000   Number         0  anon$$obj.o ABSOLUTE
    __ARM_use_no_argv                        0x00000000   Number         0  main.o ABSOLUTE
    _printf_flags                            0x00000000   Number         0  printf_stubs.o ABSOLUTE
    _printf_return_value                     0x00000000   Number         0  printf_stubs.o ABSOLUTE
    _printf_sizespec                         0x00000000   Number         0  printf_stubs.o ABSOLUTE
    _printf_widthprec                        0x00000000   Number         0  printf_stubs.o ABSOLUTE
    __ARM_exceptions_init                     - Undefined Weak Reference
    __alloca_initialize                       - Undefined Weak Reference
    __arm_preinit_                            - Undefined Weak Reference
    __cpp_initialize__aeabi_                  - Undefined Weak Reference
    __cxa_finalize                            - Undefined Weak Reference
    __rt_locale                               - Undefined Weak Reference
    __sigvec_lookup                           - Undefined Weak Reference
    _atexit_init                              - Undefined Weak Reference
    _call_atexit_fns                          - Undefined Weak Reference
    _clock_init                               - Undefined Weak Reference
    _fp_trap_init                             - Undefined Weak Reference
    _fp_trap_shutdown                         - Undefined Weak Reference
    _get_lc_collate                           - Undefined Weak Reference
    _get_lc_ctype                             - Undefined Weak Reference
    _get_lc_monetary                          - Undefined Weak Reference
    _get_lc_numeric                           - Undefined Weak Reference
    _get_lc_time                              - Undefined Weak Reference
    _getenv_init                              - Undefined Weak Reference
    _handle_redirection                       - Undefined Weak Reference
    _init_alloc                               - Undefined Weak Reference
    _init_user_alloc                          - Undefined Weak Reference
    _initio                                   - Undefined Weak Reference
    _mutex_acquire                            - Undefined Weak Reference
    _mutex_release                            - Undefined Weak Reference
    _printf_mbtowc                            - Undefined Weak Reference
    _printf_truncate_signed                   - Undefined Weak Reference
    _printf_truncate_unsigned                 - Undefined Weak Reference
    _signal_finish                            - Undefined Weak Reference
    _signal_init                              - Undefined Weak Reference
    _terminate_alloc                          - Undefined Weak Reference
    _terminate_user_alloc                     - Undefined Weak Reference
    _terminateio                              - Undefined Weak Reference
    __Vectors_Size                           0x00000130   Number         0  startup_stm32f10x_hd.o ABSOLUTE
    __Vectors                                0x08000000   Data           4  startup_stm32f10x_hd.o(RESET)
    __Vectors_End                            0x08000130   Data           0  startup_stm32f10x_hd.o(RESET)
    __main                                   0x08000131   Thumb Code     8  __main.o(!!!main)
    __scatterload                            0x08000139   Thumb Code     0  __scatter.o(!!!scatter)
    __scatterload_rt2                        0x08000139   Thumb Code    44  __scatter.o(!!!scatter)
    __scatterload_rt2_thumb_only             0x08000139   Thumb Code     0  __scatter.o(!!!scatter)
    __scatterload_null                       0x08000147   Thumb Code     0  __scatter.o(!!!scatter)
    __decompress                             0x0800016d   Thumb Code    90  __dczerorl2.o(!!dczerorl2)
    __decompress1                            0x0800016d   Thumb Code     0  __dczerorl2.o(!!dczerorl2)
    __scatterload_zeroinit                   0x080001c9   Thumb Code    28  __scatter_zi.o(!!handler_zi)
    _printf_d                                0x080001e5   Thumb Code     0  _printf_d.o(.ARM.Collect$$_printf_percent$$00000009)
    _printf_percent                          0x080001e5   Thumb Code     0  _printf_percent.o(.ARM.Collect$$_printf_percent$$00000000)
    _printf_u                                0x080001eb   Thumb Code     0  _printf_u.o(.ARM.Collect$$_printf_percent$$0000000A)
    _printf_x                                0x080001f1   Thumb Code     0  _printf_x.o(.ARM.Collect$$_printf_percent$$0000000C)
    _printf_c                                0x080001f7   Thumb Code     0  _printf_c.o(.ARM.Collect$$_printf_percent$$00000013)
    _printf_s                                0x080001fd   Thumb Code     0  _printf_s.o(.ARM.Collect$$_printf_percent$$00000014)
    _printf_percent_end                      0x08000203   Thumb Code     0  _printf_percent_end.o(.ARM.Collect$$_printf_percent$$00000017)
    __rt_lib_init                            0x08000207   Thumb Code     0  libinit.o(.ARM.Collect$$libinit$$00000000)
    __rt_lib_init_fp_1                       0x08000209   Thumb Code     0  libinit2.o(.ARM.Collect$$libinit$$00000002)
    __rt_lib_init_heap_1                     0x08000209   Thumb Code     0  libinit2.o(.ARM.Collect$$libinit$$0000000A)
    __rt_lib_init_preinit_1                  0x08000209   Thumb Code     0  libinit2.o(.ARM.Collect$$libinit$$00000004)
    __rt_lib_init_rand_2                     0x08000209   Thumb Code     0  libinit2.o(.ARM.Collect$$libinit$$0000000D)
    __rt_lib_init_user_alloc_1               0x08000209   Thumb Code     0  libinit2.o(.ARM.Collect$$libinit$$0000000C)
    __rt_lib_init_alloca_1                   0x0800020d   Thumb Code     0  libinit2.o(.ARM.Collect$$libinit$$0000002E)
    __rt_lib_init_argv_1                     0x0800020d   Thumb Code     0  libinit2.o(.ARM.Collect$$libinit$$0000002C)
    __rt_lib_init_atexit_1                   0x0800020d   Thumb Code     0  libinit2.o(.ARM.Collect$$libinit$$0000001B)
    __rt_lib_init_clock_1                    0x0800020d   Thumb Code     0  libinit2.o(.ARM.Collect$$libinit$$00000021)
    __rt_lib_init_cpp_1                      0x0800020d   Thumb Code     0  libinit2.o(.ARM.Collect$$libinit$$00000032)
    __rt_lib_init_exceptions_1               0x0800020d   Thumb Code     0  libinit2.o(.ARM.Collect$$libinit$$00000030)
    __rt_lib_init_fp_trap_1                  0x0800020d   Thumb Code     0  libinit2.o(.ARM.Collect$$libinit$$0000001F)
    __rt_lib_init_getenv_1                   0x0800020d   Thumb Code     0  libinit2.o(.ARM.Collect$$libinit$$00000023)
    __rt_lib_init_lc_collate_1               0x0800020d   Thumb Code     0  libinit2.o(.ARM.Collect$$libinit$$00000011)
    __rt_lib_init_lc_ctype_1                 0x0800020d   Thumb Code     0  libinit2.o(.ARM.Collect$$libinit$$00000013)
    __rt_lib_init_lc_monetary_1              0x0800020d   Thumb Code     0  libinit2.o(.ARM.Collect$$libinit$$00000015)
    __rt_lib_init_lc_numeric_1               0x0800020d   Thumb Code     0  libinit2.o(.ARM.Collect$$libinit$$00000017)
    __rt_lib_init_lc_time_1                  0x0800020d   Thumb Code     0  libinit2.o(.ARM.Collect$$libinit$$00000019)
    __rt_lib_init_rand_1                     0x0800020d   Thumb Code     0  libinit2.o(.ARM.Collect$$libinit$$0000000E)
    __rt_lib_init_return                     0x0800020d   Thumb Code     0  libinit2.o(.ARM.Collect$$libinit$$00000033)
    __rt_lib_init_signal_1                   0x0800020d   Thumb Code     0  libinit2.o(.ARM.Collect$$libinit$$0000001D)
    __rt_lib_init_stdio_1                    0x0800020d   Thumb Code     0  libinit2.o(.ARM.Collect$$libinit$$00000025)
    __rt_lib_shutdown                        0x0800020f   Thumb Code     0  libshutdown.o(.ARM.Collect$$libshutdown$$00000000)
    __rt_lib_shutdown_fp_trap_1              0x08000211   Thumb Code     0  libshutdown2.o(.ARM.Collect$$libshutdown$$00000006)
    __rt_lib_shutdown_heap_1                 0x08000211   Thumb Code     0  libshutdown2.o(.ARM.Collect$$libshutdown$$0000000E)
    __rt_lib_shutdown_return                 0x08000211   Thumb Code     0  libshutdown2.o(.ARM.Collect$$libshutdown$$0000000F)
    __rt_lib_shutdown_signal_1               0x08000211   Thumb Code     0  libshutdown2.o(.ARM.Collect$$libshutdown$$00000009)
    __rt_lib_shutdown_stdio_1                0x08000211   Thumb Code     0  libshutdown2.o(.ARM.Collect$$libshutdown$$00000003)
    __rt_lib_shutdown_user_alloc_1           0x08000211   Thumb Code     0  libshutdown2.o(.ARM.Collect$$libshutdown$$0000000B)
    __rt_entry                               0x08000213   Thumb Code     0  __rtentry.o(.ARM.Collect$$rtentry$$00000000)
    __rt_entry_presh_1                       0x08000213   Thumb Code     0  __rtentry2.o(.ARM.Collect$$rtentry$$00000002)
    __rt_entry_sh                            0x08000213   Thumb Code     0  __rtentry4.o(.ARM.Collect$$rtentry$$00000004)
    __rt_entry_li                            0x08000219   Thumb Code     0  __rtentry2.o(.ARM.Collect$$rtentry$$0000000A)
    __rt_entry_postsh_1                      0x08000219   Thumb Code     0  __rtentry2.o(.ARM.Collect$$rtentry$$00000009)
    __rt_entry_main                          0x0800021d   Thumb Code     0  __rtentry2.o(.ARM.Collect$$rtentry$$0000000D)
    __rt_entry_postli_1                      0x0800021d   Thumb Code     0  __rtentry2.o(.ARM.Collect$$rtentry$$0000000C)
    __rt_exit                                0x08000225   Thumb Code     0  rtexit.o(.ARM.Collect$$rtexit$$00000000)
    __rt_exit_ls                             0x08000227   Thumb Code     0  rtexit2.o(.ARM.Collect$$rtexit$$00000003)
    __rt_exit_prels_1                        0x08000227   Thumb Code     0  rtexit2.o(.ARM.Collect$$rtexit$$00000002)
    __rt_exit_exit                           0x0800022b   Thumb Code     0  rtexit2.o(.ARM.Collect$$rtexit$$00000004)
    rand                                     0x08000231   Thumb Code    48  rand.o(.emb_text)
    main                                     0x08000265   Thumb Code    54  main.o(.text)
    NMI_Handler                              0x080002a1   Thumb Code     2  stm32f10x_it.o(.text)
    HardFault_Handler                        0x080002a3   Thumb Code     4  stm32f10x_it.o(.text)
    MemManage_Handler                        0x080002a7   Thumb Code     4  stm32f10x_it.o(.text)
    BusFault_Handler                         0x080002ab   Thumb Code     4  stm32f10x_it.o(.text)
    UsageFault_Handler                       0x080002af   Thumb Code     4  stm32f10x_it.o(.text)
    SVC_Handler                              0x080002b3   Thumb Code     2  stm32f10x_it.o(.text)
    DebugMon_Handler                         0x080002b5   Thumb Code     2  stm32f10x_it.o(.text)
    PendSV_Handler                           0x080002b7   Thumb Code     2  stm32f10x_it.o(.text)
    SysTick_Handler                          0x080002b9   Thumb Code     2  stm32f10x_it.o(.text)
    SystemInit                               0x0800039b   Thumb Code    78  system_stm32f10x.o(.text)
    SystemCoreClockUpdate                    0x080003e9   Thumb Code   142  system_stm32f10x.o(.text)
    PStar                                    0x0800049d   Thumb Code    40  snakegame.o(.text)
    PBox                                     0x080004c5   Thumb Code    40  snakegame.o(.text)
    PCircle                                  0x080004ed   Thumb Code    40  snakegame.o(.text)
    PInterface                               0x08000515   Thumb Code   122  snakegame.o(.text)
    InitSnake                                0x0800058f   Thumb Code    48  snakegame.o(.text)
    CreateFood                               0x080005bf   Thumb Code   134  snakegame.o(.text)
    PScore                                   0x08000645   Thumb Code    54  snakegame.o(.text)
    GameOver                                 0x0800067b   Thumb Code    86  snakegame.o(.text)
    Judge                                    0x080006d1   Thumb Code   132  snakegame.o(.text)
    Clear                                    0x08000755   Thumb Code    40  snakegame.o(.text)
    AddSpeed                                 0x0800077d   Thumb Code    52  snakegame.o(.text)
    MoveSnake                                0x080007b1   Thumb Code    86  snakegame.o(.text)
    NextStape                                0x08000807   Thumb Code    58  snakegame.o(.text)
    rungame                                  0x08000841   Thumb Code   108  snakegame.o(.text)
    LED_Init                                 0x0800090d   Thumb Code    68  led.o(.text)
    KEY_Init                                 0x08000959   Thumb Code    52  key.o(.text)
    KEY_Scan                                 0x0800098d   Thumb Code   150  key.o(.text)
    LCD_WR_REG                               0x08000a31   Thumb Code     6  lcd.o(.text)
    LCD_WR_DATA                              0x08000a37   Thumb Code     8  lcd.o(.text)
    LCD_RD_DATA                              0x08000a3f   Thumb Code    16  lcd.o(.text)
    LCD_WriteReg                             0x08000a4f   Thumb Code    10  lcd.o(.text)
    LCD_ReadReg                              0x08000a59   Thumb Code    22  lcd.o(.text)
    LCD_WriteRAM_Prepare                     0x08000a6f   Thumb Code    10  lcd.o(.text)
    LCD_WriteRAM                             0x08000a79   Thumb Code     8  lcd.o(.text)
    LCD_BGR2RGB                              0x08000a81   Thumb Code    26  lcd.o(.text)
    opt_delay                                0x08000a9b   Thumb Code    14  lcd.o(.text)
    LCD_SetCursor                            0x08000aa9   Thumb Code   418  lcd.o(.text)
    LCD_ReadPoint                            0x08000c4b   Thumb Code   360  lcd.o(.text)
    LCD_DisplayOn                            0x08000db3   Thumb Code   102  lcd.o(.text)
    LCD_DisplayOff                           0x08000e19   Thumb Code    90  lcd.o(.text)
    LCD_Scan_Dir                             0x08000e73   Thumb Code   744  lcd.o(.text)
    LCD_DrawPoint                            0x0800115b   Thumb Code    28  lcd.o(.text)
    LCD_Fast_DrawPoint                       0x08001177   Thumb Code   384  lcd.o(.text)
    LCD_SSD_BackLightSet                     0x080012f7   Thumb Code    80  lcd.o(.text)
    LCD_Display_Dir                          0x08001347   Thumb Code   444  lcd.o(.text)
    LCD_Set_Window                           0x08001503   Thumb Code   540  lcd.o(.text)
    LCD_Clear                                0x0800171f   Thumb Code   100  lcd.o(.text)
    LCD_Init                                 0x08001783   Thumb Code 14184  lcd.o(.text)
    LCD_Fill                                 0x08004eeb   Thumb Code   178  lcd.o(.text)
    LCD_Color_Fill                           0x08004f9d   Thumb Code   106  lcd.o(.text)
    LCD_DrawLine                             0x08005007   Thumb Code   176  lcd.o(.text)
    LCD_DrawRectangle                        0x080050b7   Thumb Code    60  lcd.o(.text)
    LCD_Draw_Circle                          0x080050f3   Thumb Code   152  lcd.o(.text)
    LCD_ShowChar                             0x0800518b   Thumb Code   272  lcd.o(.text)
    LCD_Pow                                  0x0800529b   Thumb Code    22  lcd.o(.text)
    LCD_ShowNum                              0x080052b1   Thumb Code   148  lcd.o(.text)
    LCD_ShowxNum                             0x08005345   Thumb Code   220  lcd.o(.text)
    LCD_ShowString                           0x08005421   Thumb Code   102  lcd.o(.text)
    RTC_Get_Week                             0x080054a9   Thumb Code   116  rtc.o(.text)
    Is_Leap_Year                             0x0800551d   Thumb Code    58  rtc.o(.text)
    RTC_Get                                  0x08005557   Thumb Code   240  rtc.o(.text)
    RTC_Set                                  0x08005647   Thumb Code   184  rtc.o(.text)
    RTC_Init                                 0x080056ff   Thumb Code   192  rtc.o(.text)
    RTC_IRQHandler                           0x080057bf   Thumb Code    76  rtc.o(.text)
    RTC_Alarm_Set                            0x0800580b   Thumb Code   184  rtc.o(.text)
    EXTIX_Init                               0x08005901   Thumb Code   176  exti.o(.text)
    EXTI0_IRQHandler                         0x080059b1   Thumb Code    40  exti.o(.text)
    EXTI3_IRQHandler                         0x080059d9   Thumb Code    54  exti.o(.text)
    EXTI4_IRQHandler                         0x08005a0f   Thumb Code    38  exti.o(.text)
    delay_init                               0x08005a45   Thumb Code    50  delay.o(.text)
    delay_us                                 0x08005a77   Thumb Code    72  delay.o(.text)
    delay_ms                                 0x08005abf   Thumb Code    72  delay.o(.text)
    _sys_exit                                0x08005b19   Thumb Code     6  usart.o(.text)
    fputc                                    0x08005b1f   Thumb Code    24  usart.o(.text)
    uart_init                                0x08005b37   Thumb Code   152  usart.o(.text)
    USART1_IRQHandler                        0x08005bcf   Thumb Code   122  usart.o(.text)
    Reset_Handler                            0x08005c59   Thumb Code     8  startup_stm32f10x_hd.o(.text)
    ADC1_2_IRQHandler                        0x08005c73   Thumb Code     0  startup_stm32f10x_hd.o(.text)
    ADC3_IRQHandler                          0x08005c73   Thumb Code     0  startup_stm32f10x_hd.o(.text)
    CAN1_RX1_IRQHandler                      0x08005c73   Thumb Code     0  startup_stm32f10x_hd.o(.text)
    CAN1_SCE_IRQHandler                      0x08005c73   Thumb Code     0  startup_stm32f10x_hd.o(.text)
    DMA1_Channel1_IRQHandler                 0x08005c73   Thumb Code     0  startup_stm32f10x_hd.o(.text)
    DMA1_Channel2_IRQHandler                 0x08005c73   Thumb Code     0  startup_stm32f10x_hd.o(.text)
    DMA1_Channel3_IRQHandler                 0x08005c73   Thumb Code     0  startup_stm32f10x_hd.o(.text)
    DMA1_Channel4_IRQHandler                 0x08005c73   Thumb Code     0  startup_stm32f10x_hd.o(.text)
    DMA1_Channel5_IRQHandler                 0x08005c73   Thumb Code     0  startup_stm32f10x_hd.o(.text)
    DMA1_Channel6_IRQHandler                 0x08005c73   Thumb Code     0  startup_stm32f10x_hd.o(.text)
    DMA1_Channel7_IRQHandler                 0x08005c73   Thumb Code     0  startup_stm32f10x_hd.o(.text)
    DMA2_Channel1_IRQHandler                 0x08005c73   Thumb Code     0  startup_stm32f10x_hd.o(.text)
    DMA2_Channel2_IRQHandler                 0x08005c73   Thumb Code     0  startup_stm32f10x_hd.o(.text)
    DMA2_Channel3_IRQHandler                 0x08005c73   Thumb Code     0  startup_stm32f10x_hd.o(.text)
    DMA2_Channel4_5_IRQHandler               0x08005c73   Thumb Code     0  startup_stm32f10x_hd.o(.text)
    EXTI15_10_IRQHandler                     0x08005c73   Thumb Code     0  startup_stm32f10x_hd.o(.text)
    EXTI1_IRQHandler                         0x08005c73   Thumb Code     0  startup_stm32f10x_hd.o(.text)
    EXTI2_IRQHandler                         0x08005c73   Thumb Code     0  startup_stm32f10x_hd.o(.text)
    EXTI9_5_IRQHandler                       0x08005c73   Thumb Code     0  startup_stm32f10x_hd.o(.text)
    FLASH_IRQHandler                         0x08005c73   Thumb Code     0  startup_stm32f10x_hd.o(.text)
    FSMC_IRQHandler                          0x08005c73   Thumb Code     0  startup_stm32f10x_hd.o(.text)
    I2C1_ER_IRQHandler                       0x08005c73   Thumb Code     0  startup_stm32f10x_hd.o(.text)
    I2C1_EV_IRQHandler                       0x08005c73   Thumb Code     0  startup_stm32f10x_hd.o(.text)
    I2C2_ER_IRQHandler                       0x08005c73   Thumb Code     0  startup_stm32f10x_hd.o(.text)
    I2C2_EV_IRQHandler                       0x08005c73   Thumb Code     0  startup_stm32f10x_hd.o(.text)
    PVD_IRQHandler                           0x08005c73   Thumb Code     0  startup_stm32f10x_hd.o(.text)
    RCC_IRQHandler                           0x08005c73   Thumb Code     0  startup_stm32f10x_hd.o(.text)
    RTCAlarm_IRQHandler                      0x08005c73   Thumb Code     0  startup_stm32f10x_hd.o(.text)
    SDIO_IRQHandler                          0x08005c73   Thumb Code     0  startup_stm32f10x_hd.o(.text)
    SPI1_IRQHandler                          0x08005c73   Thumb Code     0  startup_stm32f10x_hd.o(.text)
    SPI2_IRQHandler                          0x08005c73   Thumb Code     0  startup_stm32f10x_hd.o(.text)
    SPI3_IRQHandler                          0x08005c73   Thumb Code     0  startup_stm32f10x_hd.o(.text)
    TAMPER_IRQHandler                        0x08005c73   Thumb Code     0  startup_stm32f10x_hd.o(.text)
    TIM1_BRK_IRQHandler                      0x08005c73   Thumb Code     0  startup_stm32f10x_hd.o(.text)
    TIM1_CC_IRQHandler                       0x08005c73   Thumb Code     0  startup_stm32f10x_hd.o(.text)
    TIM1_TRG_COM_IRQHandler                  0x08005c73   Thumb Code     0  startup_stm32f10x_hd.o(.text)
    TIM1_UP_IRQHandler                       0x08005c73   Thumb Code     0  startup_stm32f10x_hd.o(.text)
    TIM2_IRQHandler                          0x08005c73   Thumb Code     0  startup_stm32f10x_hd.o(.text)
    TIM3_IRQHandler                          0x08005c73   Thumb Code     0  startup_stm32f10x_hd.o(.text)
    TIM5_IRQHandler                          0x08005c73   Thumb Code     0  startup_stm32f10x_hd.o(.text)
    TIM6_IRQHandler                          0x08005c73   Thumb Code     0  startup_stm32f10x_hd.o(.text)
    TIM7_IRQHandler                          0x08005c73   Thumb Code     0  startup_stm32f10x_hd.o(.text)
    TIM8_BRK_IRQHandler                      0x08005c73   Thumb Code     0  startup_stm32f10x_hd.o(.text)
    TIM8_CC_IRQHandler                       0x08005c73   Thumb Code     0  startup_stm32f10x_hd.o(.text)
    TIM8_TRG_COM_IRQHandler                  0x08005c73   Thumb Code     0  startup_stm32f10x_hd.o(.text)
    TIM8_UP_IRQHandler                       0x08005c73   Thumb Code     0  startup_stm32f10x_hd.o(.text)
    UART4_IRQHandler                         0x08005c73   Thumb Code     0  startup_stm32f10x_hd.o(.text)
    UART5_IRQHandler                         0x08005c73   Thumb Code     0  startup_stm32f10x_hd.o(.text)
    USART2_IRQHandler                        0x08005c73   Thumb Code     0  startup_stm32f10x_hd.o(.text)
    USART3_IRQHandler                        0x08005c73   Thumb Code     0  startup_stm32f10x_hd.o(.text)
    USBWakeUp_IRQHandler                     0x08005c73   Thumb Code     0  startup_stm32f10x_hd.o(.text)
    USB_HP_CAN1_TX_IRQHandler                0x08005c73   Thumb Code     0  startup_stm32f10x_hd.o(.text)
    USB_LP_CAN1_RX0_IRQHandler               0x08005c73   Thumb Code     0  startup_stm32f10x_hd.o(.text)
    WWDG_IRQHandler                          0x08005c73   Thumb Code     0  startup_stm32f10x_hd.o(.text)
    __user_initial_stackheap                 0x08005c75   Thumb Code     0  startup_stm32f10x_hd.o(.text)
    NVIC_PriorityGroupConfig                 0x08005c99   Thumb Code    10  misc.o(.text)
    NVIC_Init                                0x08005ca3   Thumb Code   100  misc.o(.text)
    NVIC_SetVectorTable                      0x08005d07   Thumb Code    14  misc.o(.text)
    NVIC_SystemLPConfig                      0x08005d15   Thumb Code    34  misc.o(.text)
    SysTick_CLKSourceConfig                  0x08005d37   Thumb Code    40  misc.o(.text)
    BKP_DeInit                               0x08005d75   Thumb Code    16  stm32f10x_bkp.o(.text)
    BKP_TamperPinLevelConfig                 0x08005d85   Thumb Code     6  stm32f10x_bkp.o(.text)
    BKP_TamperPinCmd                         0x08005d8b   Thumb Code     8  stm32f10x_bkp.o(.text)
    BKP_ITConfig                             0x08005d93   Thumb Code     8  stm32f10x_bkp.o(.text)
    BKP_RTCOutputConfig                      0x08005d9b   Thumb Code    22  stm32f10x_bkp.o(.text)
    BKP_SetRTCCalibrationValue               0x08005db1   Thumb Code    22  stm32f10x_bkp.o(.text)
    BKP_WriteBackupRegister                  0x08005dc7   Thumb Code    24  stm32f10x_bkp.o(.text)
    BKP_ReadBackupRegister                   0x08005ddf   Thumb Code    26  stm32f10x_bkp.o(.text)
    BKP_GetFlagStatus                        0x08005df9   Thumb Code    10  stm32f10x_bkp.o(.text)
    BKP_ClearFlag                            0x08005e03   Thumb Code    18  stm32f10x_bkp.o(.text)
    BKP_GetITStatus                          0x08005e15   Thumb Code    10  stm32f10x_bkp.o(.text)
    BKP_ClearITPendingBit                    0x08005e1f   Thumb Code    18  stm32f10x_bkp.o(.text)
    FSMC_NORSRAMDeInit                       0x08005e39   Thumb Code    54  stm32f10x_fsmc.o(.text)
    FSMC_NANDDeInit                          0x08005e6f   Thumb Code    62  stm32f10x_fsmc.o(.text)
    FSMC_PCCARDDeInit                        0x08005ead   Thumb Code    36  stm32f10x_fsmc.o(.text)
    FSMC_NORSRAMInit                         0x08005ed1   Thumb Code   230  stm32f10x_fsmc.o(.text)
    FSMC_NANDInit                            0x08005fb7   Thumb Code   132  stm32f10x_fsmc.o(.text)
    FSMC_PCCARDInit                          0x0800603b   Thumb Code   130  stm32f10x_fsmc.o(.text)
    FSMC_NORSRAMStructInit                   0x080060bd   Thumb Code   114  stm32f10x_fsmc.o(.text)
    FSMC_NANDStructInit                      0x0800612f   Thumb Code    54  stm32f10x_fsmc.o(.text)
    FSMC_PCCARDStructInit                    0x08006165   Thumb Code    60  stm32f10x_fsmc.o(.text)
    FSMC_NORSRAMCmd                          0x080061a1   Thumb Code    46  stm32f10x_fsmc.o(.text)
    FSMC_NANDCmd                             0x080061cf   Thumb Code    86  stm32f10x_fsmc.o(.text)
    FSMC_PCCARDCmd                           0x08006225   Thumb Code    44  stm32f10x_fsmc.o(.text)
    FSMC_NANDECCCmd                          0x08006251   Thumb Code    90  stm32f10x_fsmc.o(.text)
    FSMC_GetECC                              0x080062ab   Thumb Code    24  stm32f10x_fsmc.o(.text)
    FSMC_ITConfig                            0x080062c3   Thumb Code   128  stm32f10x_fsmc.o(.text)
    FSMC_GetFlagStatus                       0x08006343   Thumb Code    54  stm32f10x_fsmc.o(.text)
    FSMC_ClearFlag                           0x08006379   Thumb Code    62  stm32f10x_fsmc.o(.text)
    FSMC_GetITStatus                         0x080063b7   Thumb Code    64  stm32f10x_fsmc.o(.text)
    FSMC_ClearITPendingBit                   0x080063f7   Thumb Code    68  stm32f10x_fsmc.o(.text)
    GPIO_DeInit                              0x08006445   Thumb Code   172  stm32f10x_gpio.o(.text)
    GPIO_AFIODeInit                          0x080064f1   Thumb Code    20  stm32f10x_gpio.o(.text)
    GPIO_Init                                0x08006505   Thumb Code   278  stm32f10x_gpio.o(.text)
    GPIO_StructInit                          0x0800661b   Thumb Code    16  stm32f10x_gpio.o(.text)
    GPIO_ReadInputDataBit                    0x0800662b   Thumb Code    18  stm32f10x_gpio.o(.text)
    GPIO_ReadInputData                       0x0800663d   Thumb Code     8  stm32f10x_gpio.o(.text)
    GPIO_ReadOutputDataBit                   0x08006645   Thumb Code    18  stm32f10x_gpio.o(.text)
    GPIO_ReadOutputData                      0x08006657   Thumb Code     8  stm32f10x_gpio.o(.text)
    GPIO_SetBits                             0x0800665f   Thumb Code     4  stm32f10x_gpio.o(.text)
    GPIO_ResetBits                           0x08006663   Thumb Code     4  stm32f10x_gpio.o(.text)
    GPIO_WriteBit                            0x08006667   Thumb Code    10  stm32f10x_gpio.o(.text)
    GPIO_Write                               0x08006671   Thumb Code     4  stm32f10x_gpio.o(.text)
    GPIO_PinLockConfig                       0x08006675   Thumb Code    18  stm32f10x_gpio.o(.text)
    GPIO_EventOutputConfig                   0x08006687   Thumb Code    26  stm32f10x_gpio.o(.text)
    GPIO_EventOutputCmd                      0x080066a1   Thumb Code     6  stm32f10x_gpio.o(.text)
    GPIO_PinRemapConfig                      0x080066a7   Thumb Code   138  stm32f10x_gpio.o(.text)
    GPIO_EXTILineConfig                      0x08006731   Thumb Code    66  stm32f10x_gpio.o(.text)
    GPIO_ETH_MediaInterfaceConfig            0x08006773   Thumb Code     8  stm32f10x_gpio.o(.text)
    PWR_DeInit                               0x080067a1   Thumb Code    22  stm32f10x_pwr.o(.text)
    PWR_BackupAccessCmd                      0x080067b7   Thumb Code     6  stm32f10x_pwr.o(.text)
    PWR_PVDCmd                               0x080067bd   Thumb Code     6  stm32f10x_pwr.o(.text)
    PWR_PVDLevelConfig                       0x080067c3   Thumb Code    18  stm32f10x_pwr.o(.text)
    PWR_WakeUpPinCmd                         0x080067d5   Thumb Code     8  stm32f10x_pwr.o(.text)
    PWR_EnterSTOPMode                        0x080067dd   Thumb Code    54  stm32f10x_pwr.o(.text)
    PWR_EnterSTANDBYMode                     0x08006813   Thumb Code    42  stm32f10x_pwr.o(.text)
    PWR_GetFlagStatus                        0x0800683d   Thumb Code    20  stm32f10x_pwr.o(.text)
    PWR_ClearFlag                            0x08006851   Thumb Code    14  stm32f10x_pwr.o(.text)
    RCC_DeInit                               0x0800686d   Thumb Code    64  stm32f10x_rcc.o(.text)
    RCC_HSEConfig                            0x080068ad   Thumb Code    70  stm32f10x_rcc.o(.text)
    RCC_GetFlagStatus                        0x080068f3   Thumb Code    56  stm32f10x_rcc.o(.text)
    RCC_WaitForHSEStartUp                    0x0800692b   Thumb Code    56  stm32f10x_rcc.o(.text)
    RCC_AdjustHSICalibrationValue            0x08006963   Thumb Code    20  stm32f10x_rcc.o(.text)
    RCC_HSICmd                               0x08006977   Thumb Code     6  stm32f10x_rcc.o(.text)
    RCC_PLLConfig                            0x0800697d   Thumb Code    24  stm32f10x_rcc.o(.text)
    RCC_PLLCmd                               0x08006995   Thumb Code     6  stm32f10x_rcc.o(.text)
    RCC_SYSCLKConfig                         0x0800699b   Thumb Code    18  stm32f10x_rcc.o(.text)
    RCC_GetSYSCLKSource                      0x080069ad   Thumb Code    10  stm32f10x_rcc.o(.text)
    RCC_HCLKConfig                           0x080069b7   Thumb Code    18  stm32f10x_rcc.o(.text)
    RCC_PCLK1Config                          0x080069c9   Thumb Code    18  stm32f10x_rcc.o(.text)
    RCC_PCLK2Config                          0x080069db   Thumb Code    20  stm32f10x_rcc.o(.text)
    RCC_ITConfig                             0x080069ef   Thumb Code    26  stm32f10x_rcc.o(.text)
    RCC_USBCLKConfig                         0x08006a09   Thumb Code     8  stm32f10x_rcc.o(.text)
    RCC_ADCCLKConfig                         0x08006a11   Thumb Code    18  stm32f10x_rcc.o(.text)
    RCC_LSEConfig                            0x08006a23   Thumb Code    50  stm32f10x_rcc.o(.text)
    RCC_LSICmd                               0x08006a55   Thumb Code     6  stm32f10x_rcc.o(.text)
    RCC_RTCCLKConfig                         0x08006a5b   Thumb Code    12  stm32f10x_rcc.o(.text)
    RCC_RTCCLKCmd                            0x08006a67   Thumb Code     8  stm32f10x_rcc.o(.text)
    RCC_GetClocksFreq                        0x08006a6f   Thumb Code   192  stm32f10x_rcc.o(.text)
    RCC_AHBPeriphClockCmd                    0x08006b2f   Thumb Code    26  stm32f10x_rcc.o(.text)
    RCC_APB2PeriphClockCmd                   0x08006b49   Thumb Code    26  stm32f10x_rcc.o(.text)
    RCC_APB1PeriphClockCmd                   0x08006b63   Thumb Code    26  stm32f10x_rcc.o(.text)
    RCC_APB2PeriphResetCmd                   0x08006b7d   Thumb Code    26  stm32f10x_rcc.o(.text)
    RCC_APB1PeriphResetCmd                   0x08006b97   Thumb Code    26  stm32f10x_rcc.o(.text)
    RCC_BackupResetCmd                       0x08006bb1   Thumb Code     8  stm32f10x_rcc.o(.text)
    RCC_ClockSecuritySystemCmd               0x08006bb9   Thumb Code     6  stm32f10x_rcc.o(.text)
    RCC_MCOConfig                            0x08006bbf   Thumb Code     6  stm32f10x_rcc.o(.text)
    RCC_ClearFlag                            0x08006bc5   Thumb Code    14  stm32f10x_rcc.o(.text)
    RCC_GetITStatus                          0x08006bd3   Thumb Code    20  stm32f10x_rcc.o(.text)
    RCC_ClearITPendingBit                    0x08006be7   Thumb Code     6  stm32f10x_rcc.o(.text)
    USART_DeInit                             0x08006c11   Thumb Code   134  stm32f10x_usart.o(.text)
    USART_Init                               0x08006c97   Thumb Code   210  stm32f10x_usart.o(.text)
    USART_StructInit                         0x08006d69   Thumb Code    24  stm32f10x_usart.o(.text)
    USART_ClockInit                          0x08006d81   Thumb Code    34  stm32f10x_usart.o(.text)
    USART_ClockStructInit                    0x08006da3   Thumb Code    12  stm32f10x_usart.o(.text)
    USART_Cmd                                0x08006daf   Thumb Code    24  stm32f10x_usart.o(.text)
    USART_ITConfig                           0x08006dc7   Thumb Code    74  stm32f10x_usart.o(.text)
    USART_DMACmd                             0x08006e11   Thumb Code    18  stm32f10x_usart.o(.text)
    USART_SetAddress                         0x08006e23   Thumb Code    18  stm32f10x_usart.o(.text)
    USART_WakeUpConfig                       0x08006e35   Thumb Code    18  stm32f10x_usart.o(.text)
    USART_ReceiverWakeUpCmd                  0x08006e47   Thumb Code    24  stm32f10x_usart.o(.text)
    USART_LINBreakDetectLengthConfig         0x08006e5f   Thumb Code    18  stm32f10x_usart.o(.text)
    USART_LINCmd                             0x08006e71   Thumb Code    24  stm32f10x_usart.o(.text)
    USART_SendData                           0x08006e89   Thumb Code     8  stm32f10x_usart.o(.text)
    USART_ReceiveData                        0x08006e91   Thumb Code    10  stm32f10x_usart.o(.text)
    USART_SendBreak                          0x08006e9b   Thumb Code    10  stm32f10x_usart.o(.text)
    USART_SetGuardTime                       0x08006ea5   Thumb Code    16  stm32f10x_usart.o(.text)
    USART_SetPrescaler                       0x08006eb5   Thumb Code    16  stm32f10x_usart.o(.text)
    USART_SmartCardCmd                       0x08006ec5   Thumb Code    24  stm32f10x_usart.o(.text)
    USART_SmartCardNACKCmd                   0x08006edd   Thumb Code    24  stm32f10x_usart.o(.text)
    USART_HalfDuplexCmd                      0x08006ef5   Thumb Code    24  stm32f10x_usart.o(.text)
    USART_OverSampling8Cmd                   0x08006f0d   Thumb Code    22  stm32f10x_usart.o(.text)
    USART_OneBitMethodCmd                    0x08006f23   Thumb Code    24  stm32f10x_usart.o(.text)
    USART_IrDAConfig                         0x08006f3b   Thumb Code    18  stm32f10x_usart.o(.text)
    USART_IrDACmd                            0x08006f4d   Thumb Code    24  stm32f10x_usart.o(.text)
    USART_GetFlagStatus                      0x08006f65   Thumb Code    26  stm32f10x_usart.o(.text)
    USART_ClearFlag                          0x08006f7f   Thumb Code    18  stm32f10x_usart.o(.text)
    USART_GetITStatus                        0x08006f91   Thumb Code    84  stm32f10x_usart.o(.text)
    USART_ClearITPendingBit                  0x08006fe5   Thumb Code    52  stm32f10x_usart.o(.text)
    RTC_ITConfig                             0x08007019   Thumb Code    26  stm32f10x_rtc.o(.text)
    RTC_EnterConfigMode                      0x08007033   Thumb Code    18  stm32f10x_rtc.o(.text)
    RTC_ExitConfigMode                       0x08007045   Thumb Code    20  stm32f10x_rtc.o(.text)
    RTC_GetCounter                           0x08007059   Thumb Code    18  stm32f10x_rtc.o(.text)
    RTC_SetCounter                           0x0800706b   Thumb Code    26  stm32f10x_rtc.o(.text)
    RTC_SetPrescaler                         0x08007085   Thumb Code    28  stm32f10x_rtc.o(.text)
    RTC_SetAlarm                             0x080070a1   Thumb Code    26  stm32f10x_rtc.o(.text)
    RTC_GetDivider                           0x080070bb   Thumb Code    22  stm32f10x_rtc.o(.text)
    RTC_WaitForLastTask                      0x080070d1   Thumb Code    18  stm32f10x_rtc.o(.text)
    RTC_WaitForSynchro                       0x080070e3   Thumb Code    36  stm32f10x_rtc.o(.text)
    RTC_GetFlagStatus                        0x08007107   Thumb Code    22  stm32f10x_rtc.o(.text)
    RTC_ClearFlag                            0x0800711d   Thumb Code    16  stm32f10x_rtc.o(.text)
    RTC_GetITStatus                          0x0800712d   Thumb Code    32  stm32f10x_rtc.o(.text)
    RTC_ClearITPendingBit                    0x0800714d   Thumb Code    16  stm32f10x_rtc.o(.text)
    TIM_DeInit                               0x08007161   Thumb Code   424  stm32f10x_tim.o(.text)
    TIM_TimeBaseInit                         0x08007309   Thumb Code   122  stm32f10x_tim.o(.text)
    TIM_OC1Init                              0x08007383   Thumb Code   132  stm32f10x_tim.o(.text)
    TIM_OC2Init                              0x08007407   Thumb Code   154  stm32f10x_tim.o(.text)
    TIM_OC3Init                              0x080074a1   Thumb Code   150  stm32f10x_tim.o(.text)
    TIM_OC4Init                              0x08007537   Thumb Code   182  stm32f10x_tim.o(.text)
    TIM_SetIC4Prescaler                      0x080075ed   Thumb Code    26  stm32f10x_tim.o(.text)
    TIM_SetIC3Prescaler                      0x08007689   Thumb Code    18  stm32f10x_tim.o(.text)
    TIM_SetIC2Prescaler                      0x08007715   Thumb Code    26  stm32f10x_tim.o(.text)
    TIM_SetIC1Prescaler                      0x080077b1   Thumb Code    18  stm32f10x_tim.o(.text)
    TIM_ICInit                               0x0800782f   Thumb Code   150  stm32f10x_tim.o(.text)
    TIM_PWMIConfig                           0x080078c5   Thumb Code   124  stm32f10x_tim.o(.text)
    TIM_BDTRConfig                           0x08007941   Thumb Code    32  stm32f10x_tim.o(.text)
    TIM_TimeBaseStructInit                   0x08007961   Thumb Code    18  stm32f10x_tim.o(.text)
    TIM_OCStructInit                         0x08007973   Thumb Code    20  stm32f10x_tim.o(.text)
    TIM_ICStructInit                         0x08007987   Thumb Code    18  stm32f10x_tim.o(.text)
    TIM_BDTRStructInit                       0x08007999   Thumb Code    40  stm32f10x_tim.o(.text)
    TIM_Cmd                                  0x080079c1   Thumb Code    24  stm32f10x_tim.o(.text)
    TIM_CtrlPWMOutputs                       0x080079d9   Thumb Code    30  stm32f10x_tim.o(.text)
    TIM_ITConfig                             0x080079f7   Thumb Code    18  stm32f10x_tim.o(.text)
    TIM_GenerateEvent                        0x08007a09   Thumb Code     4  stm32f10x_tim.o(.text)
    TIM_DMAConfig                            0x08007a0d   Thumb Code    10  stm32f10x_tim.o(.text)
    TIM_DMACmd                               0x08007a17   Thumb Code    18  stm32f10x_tim.o(.text)
    TIM_InternalClockConfig                  0x08007a29   Thumb Code    12  stm32f10x_tim.o(.text)
    TIM_SelectInputTrigger                   0x08007a35   Thumb Code    18  stm32f10x_tim.o(.text)
    TIM_ITRxExternalClockConfig              0x08007a47   Thumb Code    24  stm32f10x_tim.o(.text)
    TIM_TIxExternalClockConfig               0x08007a5f   Thumb Code    62  stm32f10x_tim.o(.text)
    TIM_ETRConfig                            0x08007a9d   Thumb Code    28  stm32f10x_tim.o(.text)
    TIM_ETRClockMode1Config                  0x08007ab9   Thumb Code    54  stm32f10x_tim.o(.text)
    TIM_ETRClockMode2Config                  0x08007aef   Thumb Code    32  stm32f10x_tim.o(.text)
    TIM_PrescalerConfig                      0x08007b0f   Thumb Code     6  stm32f10x_tim.o(.text)
    TIM_CounterModeConfig                    0x08007b15   Thumb Code    18  stm32f10x_tim.o(.text)
    TIM_EncoderInterfaceConfig               0x08007b27   Thumb Code    66  stm32f10x_tim.o(.text)
    TIM_ForcedOC1Config                      0x08007b69   Thumb Code    18  stm32f10x_tim.o(.text)
    TIM_ForcedOC2Config                      0x08007b7b   Thumb Code    26  stm32f10x_tim.o(.text)
    TIM_ForcedOC3Config                      0x08007b95   Thumb Code    18  stm32f10x_tim.o(.text)
    TIM_ForcedOC4Config                      0x08007ba7   Thumb Code    26  stm32f10x_tim.o(.text)
    TIM_ARRPreloadConfig                     0x08007bc1   Thumb Code    24  stm32f10x_tim.o(.text)
    TIM_SelectCOM                            0x08007bd9   Thumb Code    24  stm32f10x_tim.o(.text)
    TIM_SelectCCDMA                          0x08007bf1   Thumb Code    24  stm32f10x_tim.o(.text)
    TIM_CCPreloadControl                     0x08007c09   Thumb Code    24  stm32f10x_tim.o(.text)
    TIM_OC1PreloadConfig                     0x08007c21   Thumb Code    18  stm32f10x_tim.o(.text)
    TIM_OC2PreloadConfig                     0x08007c33   Thumb Code    26  stm32f10x_tim.o(.text)
    TIM_OC3PreloadConfig                     0x08007c4d   Thumb Code    18  stm32f10x_tim.o(.text)
    TIM_OC4PreloadConfig                     0x08007c5f   Thumb Code    26  stm32f10x_tim.o(.text)
    TIM_OC1FastConfig                        0x08007c79   Thumb Code    18  stm32f10x_tim.o(.text)
    TIM_OC2FastConfig                        0x08007c8b   Thumb Code    26  stm32f10x_tim.o(.text)
    TIM_OC3FastConfig                        0x08007ca5   Thumb Code    18  stm32f10x_tim.o(.text)
    TIM_OC4FastConfig                        0x08007cb7   Thumb Code    26  stm32f10x_tim.o(.text)
    TIM_ClearOC1Ref                          0x08007cd1   Thumb Code    18  stm32f10x_tim.o(.text)
    TIM_ClearOC2Ref                          0x08007ce3   Thumb Code    24  stm32f10x_tim.o(.text)
    TIM_ClearOC3Ref                          0x08007cfb   Thumb Code    18  stm32f10x_tim.o(.text)
    TIM_ClearOC4Ref                          0x08007d0d   Thumb Code    24  stm32f10x_tim.o(.text)
    TIM_OC1PolarityConfig                    0x08007d25   Thumb Code    18  stm32f10x_tim.o(.text)
    TIM_OC1NPolarityConfig                   0x08007d37   Thumb Code    18  stm32f10x_tim.o(.text)
    TIM_OC2PolarityConfig                    0x08007d49   Thumb Code    26  stm32f10x_tim.o(.text)
    TIM_OC2NPolarityConfig                   0x08007d63   Thumb Code    26  stm32f10x_tim.o(.text)
    TIM_OC3PolarityConfig                    0x08007d7d   Thumb Code    26  stm32f10x_tim.o(.text)
    TIM_OC3NPolarityConfig                   0x08007d97   Thumb Code    26  stm32f10x_tim.o(.text)
    TIM_OC4PolarityConfig                    0x08007db1   Thumb Code    26  stm32f10x_tim.o(.text)
    TIM_CCxCmd                               0x08007dcb   Thumb Code    30  stm32f10x_tim.o(.text)
    TIM_CCxNCmd                              0x08007de9   Thumb Code    30  stm32f10x_tim.o(.text)
    TIM_SelectOCxM                           0x08007e07   Thumb Code    82  stm32f10x_tim.o(.text)
    TIM_UpdateDisableConfig                  0x08007e59   Thumb Code    24  stm32f10x_tim.o(.text)
    TIM_UpdateRequestConfig                  0x08007e71   Thumb Code    24  stm32f10x_tim.o(.text)
    TIM_SelectHallSensor                     0x08007e89   Thumb Code    24  stm32f10x_tim.o(.text)
    TIM_SelectOnePulseMode                   0x08007ea1   Thumb Code    18  stm32f10x_tim.o(.text)
    TIM_SelectOutputTrigger                  0x08007eb3   Thumb Code    18  stm32f10x_tim.o(.text)
    TIM_SelectSlaveMode                      0x08007ec5   Thumb Code    18  stm32f10x_tim.o(.text)
    TIM_SelectMasterSlaveMode                0x08007ed7   Thumb Code    18  stm32f10x_tim.o(.text)
    TIM_SetCounter                           0x08007ee9   Thumb Code     4  stm32f10x_tim.o(.text)
    TIM_SetAutoreload                        0x08007eed   Thumb Code     4  stm32f10x_tim.o(.text)
    TIM_SetCompare1                          0x08007ef1   Thumb Code     4  stm32f10x_tim.o(.text)
    TIM_SetCompare2                          0x08007ef5   Thumb Code     4  stm32f10x_tim.o(.text)
    TIM_SetCompare3                          0x08007ef9   Thumb Code     4  stm32f10x_tim.o(.text)
    TIM_SetCompare4                          0x08007efd   Thumb Code     6  stm32f10x_tim.o(.text)
    TIM_SetClockDivision                     0x08007f03   Thumb Code    18  stm32f10x_tim.o(.text)
    TIM_GetCapture1                          0x08007f15   Thumb Code     6  stm32f10x_tim.o(.text)
    TIM_GetCapture2                          0x08007f1b   Thumb Code     6  stm32f10x_tim.o(.text)
    TIM_GetCapture3                          0x08007f21   Thumb Code     6  stm32f10x_tim.o(.text)
    TIM_GetCapture4                          0x08007f27   Thumb Code     8  stm32f10x_tim.o(.text)
    TIM_GetCounter                           0x08007f2f   Thumb Code     6  stm32f10x_tim.o(.text)
    TIM_GetPrescaler                         0x08007f35   Thumb Code     6  stm32f10x_tim.o(.text)
    TIM_GetFlagStatus                        0x08007f3b   Thumb Code    18  stm32f10x_tim.o(.text)
    TIM_ClearFlag                            0x08007f4d   Thumb Code     6  stm32f10x_tim.o(.text)
    TIM_GetITStatus                          0x08007f53   Thumb Code    34  stm32f10x_tim.o(.text)
    TIM_ClearITPendingBit                    0x08007f75   Thumb Code     6  stm32f10x_tim.o(.text)
    EXTI_DeInit                              0x08007f7d   Thumb Code    28  stm32f10x_exti.o(.text)
    EXTI_Init                                0x08007f99   Thumb Code   142  stm32f10x_exti.o(.text)
    EXTI_StructInit                          0x08008027   Thumb Code    16  stm32f10x_exti.o(.text)
    EXTI_GenerateSWInterrupt                 0x08008037   Thumb Code    16  stm32f10x_exti.o(.text)
    EXTI_GetFlagStatus                       0x08008047   Thumb Code    22  stm32f10x_exti.o(.text)
    EXTI_ClearFlag                           0x0800805d   Thumb Code     8  stm32f10x_exti.o(.text)
    EXTI_GetITStatus                         0x08008065   Thumb Code    34  stm32f10x_exti.o(.text)
    EXTI_ClearITPendingBit                   0x08008087   Thumb Code     8  stm32f10x_exti.o(.text)
    usmart_sys_cmd_exe                       0x08008099   Thumb Code  1554  usmart.o(.text)
    usmart_reset_runtime                     0x080086ab   Thumb Code    38  usmart.o(.text)
    usmart_get_runtime                       0x080086d1   Thumb Code    60  usmart.o(.text)
    TIM4_IRQHandler                          0x0800870d   Thumb Code    46  usmart.o(.text)
    Timer4_Init                              0x0800873b   Thumb Code    88  usmart.o(.text)
    usmart_init                              0x08008793   Thumb Code    36  usmart.o(.text)
    usmart_cmd_rec                           0x080087b7   Thumb Code   170  usmart.o(.text)
    usmart_exe                               0x08008861   Thumb Code   870  usmart.o(.text)
    usmart_scan                              0x08008bc7   Thumb Code   120  usmart.o(.text)
    read_addr                                0x08008c3f   Thumb Code     6  usmart.o(.text)
    write_addr                               0x08008c45   Thumb Code     4  usmart.o(.text)
    usmart_strcmp                            0x08008cd1   Thumb Code    34  usmart_str.o(.text)
    usmart_strcopy                           0x08008cf3   Thumb Code    22  usmart_str.o(.text)
    usmart_strlen                            0x08008d09   Thumb Code    24  usmart_str.o(.text)
    usmart_pow                               0x08008d21   Thumb Code    22  usmart_str.o(.text)
    usmart_str2num                           0x08008d37   Thumb Code   202  usmart_str.o(.text)
    usmart_get_cmdname                       0x08008e01   Thumb Code    54  usmart_str.o(.text)
    usmart_search_nextc                      0x08008e37   Thumb Code    22  usmart_str.o(.text)
    usmart_get_fname                         0x08008e4d   Thumb Code   440  usmart_str.o(.text)
    usmart_get_aparm                         0x08009005   Thumb Code   200  usmart_str.o(.text)
    usmart_get_parmpos                       0x080090cd   Thumb Code    26  usmart_str.o(.text)
    usmart_get_fparam                        0x080090e7   Thumb Code   262  usmart_str.o(.text)
    __use_no_semihosting                     0x080091f9   Thumb Code     2  use_no_semi_2.o(.text)
    __2printf                                0x080091fd   Thumb Code    20  noretval__2printf.o(.text)
    _printf_pre_padding                      0x08009215   Thumb Code    44  _printf_pad.o(.text)
    _printf_post_padding                     0x08009241   Thumb Code    34  _printf_pad.o(.text)
    _printf_str                              0x08009263   Thumb Code    82  _printf_str.o(.text)
    _printf_int_dec                          0x080092b5   Thumb Code   104  _printf_dec.o(.text)
    _printf_int_hex                          0x0800932d   Thumb Code    84  _printf_hex_int.o(.text)
    _printf_longlong_hex                     0x0800932d   Thumb Code     0  _printf_hex_int.o(.text)
    __printf                                 0x08009385   Thumb Code   388  __printf_flags_ss_wp.o(.text)
    srand                                    0x0800950d   Thumb Code    42  rand.o(.text)
    _rand_init                               0x08009537   Thumb Code     4  rand.o(.text)
    __use_two_region_memory                  0x08009549   Thumb Code     2  heapauxi.o(.text)
    __rt_heap_escrow$2region                 0x0800954b   Thumb Code     2  heapauxi.o(.text)
    __rt_heap_expand$2region                 0x0800954d   Thumb Code     2  heapauxi.o(.text)
    __I$use$semihosting                      0x0800954f   Thumb Code     0  use_no_semi.o(.text)
    __use_no_semihosting_swi                 0x0800954f   Thumb Code     2  use_no_semi.o(.text)
    _printf_int_common                       0x08009551   Thumb Code   178  _printf_intcommon.o(.text)
    _printf_cs_common                        0x08009603   Thumb Code    20  _printf_char.o(.text)
    _printf_char                             0x08009617   Thumb Code    16  _printf_char.o(.text)
    _printf_string                           0x08009627   Thumb Code     8  _printf_char.o(.text)
    _printf_char_file                        0x08009631   Thumb Code    32  _printf_char_file.o(.text)
    _printf_char_common                      0x0800965f   Thumb Code    32  _printf_char_common.o(.text)
    ferror                                   0x08009685   Thumb Code     8  ferror.o(.text)
    __user_setup_stackheap                   0x0800968d   Thumb Code    74  sys_stackheap_outer.o(.text)
    exit                                     0x080096d7   Thumb Code    12  exit.o(.text)
    __user_libspace                          0x080096e5   Thumb Code     8  libspace.o(.text)
    __user_perproc_libspace                  0x080096e5   Thumb Code     0  libspace.o(.text)
    __user_perthread_libspace                0x080096e5   Thumb Code     0  libspace.o(.text)
    _is_digit                                0x080096ed   Thumb Code    14  __printf_wp.o(i._is_digit)
    __aeabi_d2uiz                            0x080096fd   Thumb Code     0  dfixu.o(x$fpl$dfixu)
    _dfixu                                   0x080096fd   Thumb Code    90  dfixu.o(x$fpl$dfixu)
    __aeabi_ui2d                             0x08009757   Thumb Code     0  dflt_clz.o(x$fpl$dfltu)
    _dfltu                                   0x08009757   Thumb Code    38  dflt_clz.o(x$fpl$dfltu)
    __aeabi_dmul                             0x0800977d   Thumb Code     0  dmul.o(x$fpl$dmul)
    _dmul                                    0x0800977d   Thumb Code   332  dmul.o(x$fpl$dmul)
    __fpl_dnaninf                            0x080098d1   Thumb Code   156  dnaninf.o(x$fpl$dnaninf)
    __fpl_dretinf                            0x0800996d   Thumb Code    12  dretinf.o(x$fpl$dretinf)
    __I$use$fp                               0x08009978   Number         0  usenofp.o(x$fpl$usenofp)
    asc2_1206                                0x08009978   Data        1140  lcd.o(.constdata)
    asc2_1608                                0x08009dec   Data        1520  lcd.o(.constdata)
    asc2_2412                                0x0800a3dc   Data        3420  lcd.o(.constdata)
    table_week                               0x0800b138   Data          12  rtc.o(.constdata)
    mon_table                                0x0800b144   Data          12  rtc.o(.constdata)
    Region$$Table$$Base                      0x0800b25c   Number         0  anon$$obj.o(Region$$Table)
    Region$$Table$$Limit                     0x0800b27c   Number         0  anon$$obj.o(Region$$Table)
    SystemCoreClock                          0x20000000   Data           4  system_stm32f10x.o(.data)
    AHBPrescTable                            0x20000004   Data          16  system_stm32f10x.o(.data)
    WaitTime                                 0x20000014   Data           4  snakegame.o(.data)
    flag                                     0x20000018   Data           4  snakegame.o(.data)
    POINT_COLOR                              0x2000001e   Data           2  lcd.o(.data)
    BACK_COLOR                               0x20000020   Data           2  lcd.o(.data)
    __stdout                                 0x20000028   Data           4  usart.o(.data)
    USART_RX_STA                             0x2000002c   Data           2  usart.o(.data)
    sys_cmd_tab                              0x20000044   Data          28  usmart.o(.data)
    usmart_nametab                           0x20000060   Data          40  usmart_config.o(.data)
    usmart_dev                               0x20000088   Data         244  usmart_config.o(.data)
    lcddev                                   0x2000017c   Data          14  lcd.o(.bss)
    calendar                                 0x2000018a   Data          10  rtc.o(.bss)
    USART_RX_BUF                             0x20000194   Data         200  usart.o(.bss)
    _random_number_data                      0x2000025c   Data         228  rand.o(.bss)
    __libspace_start                         0x20000340   Data          96  libspace.o(.bss)
    __temporary_stack_top$libspace           0x200003a0   Data           0  libspace.o(.bss)



==============================================================================

Memory Map of the image

  Image Entry point : 0x08000131

  Load Region LR_IROM1 (Base: 0x08000000, Size: 0x0000b3f8, Max: 0x00080000, ABSOLUTE, COMPRESSED[0x0000b2f0])

    Execution Region ER_IROM1 (Base: 0x08000000, Size: 0x0000b27c, Max: 0x00080000, ABSOLUTE)

    Base Addr    Size         Type   Attr      Idx    E Section Name        Object

    0x08000000   0x00000130   Data   RO          389    RESET               startup_stm32f10x_hd.o
    0x08000130   0x00000008   Code   RO          627  * !!!main             c_w.l(__main.o)
    0x08000138   0x00000034   Code   RO          815    !!!scatter          c_w.l(__scatter.o)
    0x0800016c   0x0000005a   Code   RO          813    !!dczerorl2         c_w.l(__dczerorl2.o)
    0x080001c6   0x00000002   PAD
    0x080001c8   0x0000001c   Code   RO          817    !!handler_zi        c_w.l(__scatter_zi.o)
    0x080001e4   0x00000000   Code   RO          619    .ARM.Collect$$_printf_percent$$00000000  c_w.l(_printf_percent.o)
    0x080001e4   0x00000006   Code   RO          617    .ARM.Collect$$_printf_percent$$00000009  c_w.l(_printf_d.o)
    0x080001ea   0x00000006   Code   RO          618    .ARM.Collect$$_printf_percent$$0000000A  c_w.l(_printf_u.o)
    0x080001f0   0x00000006   Code   RO          616    .ARM.Collect$$_printf_percent$$0000000C  c_w.l(_printf_x.o)
    0x080001f6   0x00000006   Code   RO          614    .ARM.Collect$$_printf_percent$$00000013  c_w.l(_printf_c.o)
    0x080001fc   0x00000006   Code   RO          615    .ARM.Collect$$_printf_percent$$00000014  c_w.l(_printf_s.o)
    0x08000202   0x00000004   Code   RO          650    .ARM.Collect$$_printf_percent$$00000017  c_w.l(_printf_percent_end.o)
    0x08000206   0x00000002   Code   RO          741    .ARM.Collect$$libinit$$00000000  c_w.l(libinit.o)
    0x08000208   0x00000000   Code   RO          652    .ARM.Collect$$libinit$$00000002  c_w.l(libinit2.o)
    0x08000208   0x00000000   Code   RO          654    .ARM.Collect$$libinit$$00000004  c_w.l(libinit2.o)
    0x08000208   0x00000000   Code   RO          657    .ARM.Collect$$libinit$$0000000A  c_w.l(libinit2.o)
    0x08000208   0x00000000   Code   RO          659    .ARM.Collect$$libinit$$0000000C  c_w.l(libinit2.o)
    0x08000208   0x00000004   Code   RO          660    .ARM.Collect$$libinit$$0000000D  c_w.l(libinit2.o)
    0x0800020c   0x00000000   Code   RO          661    .ARM.Collect$$libinit$$0000000E  c_w.l(libinit2.o)
    0x0800020c   0x00000000   Code   RO          664    .ARM.Collect$$libinit$$00000011  c_w.l(libinit2.o)
    0x0800020c   0x00000000   Code   RO          666    .ARM.Collect$$libinit$$00000013  c_w.l(libinit2.o)
    0x0800020c   0x00000000   Code   RO          668    .ARM.Collect$$libinit$$00000015  c_w.l(libinit2.o)
    0x0800020c   0x00000000   Code   RO          670    .ARM.Collect$$libinit$$00000017  c_w.l(libinit2.o)
    0x0800020c   0x00000000   Code   RO          672    .ARM.Collect$$libinit$$00000019  c_w.l(libinit2.o)
    0x0800020c   0x00000000   Code   RO          674    .ARM.Collect$$libinit$$0000001B  c_w.l(libinit2.o)
    0x0800020c   0x00000000   Code   RO          676    .ARM.Collect$$libinit$$0000001D  c_w.l(libinit2.o)
    0x0800020c   0x00000000   Code   RO          678    .ARM.Collect$$libinit$$0000001F  c_w.l(libinit2.o)
    0x0800020c   0x00000000   Code   RO          680    .ARM.Collect$$libinit$$00000021  c_w.l(libinit2.o)
    0x0800020c   0x00000000   Code   RO          682    .ARM.Collect$$libinit$$00000023  c_w.l(libinit2.o)
    0x0800020c   0x00000000   Code   RO          684    .ARM.Collect$$libinit$$00000025  c_w.l(libinit2.o)
    0x0800020c   0x00000000   Code   RO          688    .ARM.Collect$$libinit$$0000002C  c_w.l(libinit2.o)
    0x0800020c   0x00000000   Code   RO          690    .ARM.Collect$$libinit$$0000002E  c_w.l(libinit2.o)
    0x0800020c   0x00000000   Code   RO          692    .ARM.Collect$$libinit$$00000030  c_w.l(libinit2.o)
    0x0800020c   0x00000000   Code   RO          694    .ARM.Collect$$libinit$$00000032  c_w.l(libinit2.o)
    0x0800020c   0x00000002   Code   RO          695    .ARM.Collect$$libinit$$00000033  c_w.l(libinit2.o)
    0x0800020e   0x00000002   Code   RO          775    .ARM.Collect$$libshutdown$$00000000  c_w.l(libshutdown.o)
    0x08000210   0x00000000   Code   RO          782    .ARM.Collect$$libshutdown$$00000003  c_w.l(libshutdown2.o)
    0x08000210   0x00000000   Code   RO          785    .ARM.Collect$$libshutdown$$00000006  c_w.l(libshutdown2.o)
    0x08000210   0x00000000   Code   RO          788    .ARM.Collect$$libshutdown$$00000009  c_w.l(libshutdown2.o)
    0x08000210   0x00000000   Code   RO          790    .ARM.Collect$$libshutdown$$0000000B  c_w.l(libshutdown2.o)
    0x08000210   0x00000000   Code   RO          793    .ARM.Collect$$libshutdown$$0000000E  c_w.l(libshutdown2.o)
    0x08000210   0x00000002   Code   RO          794    .ARM.Collect$$libshutdown$$0000000F  c_w.l(libshutdown2.o)
    0x08000212   0x00000000   Code   RO          643    .ARM.Collect$$rtentry$$00000000  c_w.l(__rtentry.o)
    0x08000212   0x00000000   Code   RO          702    .ARM.Collect$$rtentry$$00000002  c_w.l(__rtentry2.o)
    0x08000212   0x00000006   Code   RO          714    .ARM.Collect$$rtentry$$00000004  c_w.l(__rtentry4.o)
    0x08000218   0x00000000   Code   RO          704    .ARM.Collect$$rtentry$$00000009  c_w.l(__rtentry2.o)
    0x08000218   0x00000004   Code   RO          705    .ARM.Collect$$rtentry$$0000000A  c_w.l(__rtentry2.o)
    0x0800021c   0x00000000   Code   RO          707    .ARM.Collect$$rtentry$$0000000C  c_w.l(__rtentry2.o)
    0x0800021c   0x00000008   Code   RO          708    .ARM.Collect$$rtentry$$0000000D  c_w.l(__rtentry2.o)
    0x08000224   0x00000002   Code   RO          747    .ARM.Collect$$rtexit$$00000000  c_w.l(rtexit.o)
    0x08000226   0x00000000   Code   RO          757    .ARM.Collect$$rtexit$$00000002  c_w.l(rtexit2.o)
    0x08000226   0x00000004   Code   RO          758    .ARM.Collect$$rtexit$$00000003  c_w.l(rtexit2.o)
    0x0800022a   0x00000006   Code   RO          759    .ARM.Collect$$rtexit$$00000004  c_w.l(rtexit2.o)
    0x08000230   0x00000034   Code   RO          620    .emb_text           c_w.l(rand.o)
    0x08000264   0x0000003c   Code   RO            1    .text               main.o
    0x080002a0   0x0000001a   Code   RO          145    .text               stm32f10x_it.o
    0x080002ba   0x00000002   PAD
    0x080002bc   0x000001e0   Code   RO          186    .text               system_stm32f10x.o
    0x0800049c   0x00000470   Code   RO          204    .text               snakegame.o
    0x0800090c   0x0000004c   Code   RO          227    .text               led.o
    0x08000958   0x000000d8   Code   RO          239    .text               key.o
    0x08000a30   0x00004a56   Code   RO          252    .text               lcd.o
    0x08005486   0x00000002   PAD
    0x08005488   0x00000478   Code   RO          275    .text               rtc.o
    0x08005900   0x00000144   Code   RO          295    .text               exti.o
    0x08005a44   0x000000d4   Code   RO          323    .text               delay.o
    0x08005b18   0x00000140   Code   RO          354    .text               usart.o
    0x08005c58   0x00000040   Code   RO          390    .text               startup_stm32f10x_hd.o
    0x08005c98   0x000000dc   Code   RO          394    .text               misc.o
    0x08005d74   0x000000c4   Code   RO          406    .text               stm32f10x_bkp.o
    0x08005e38   0x0000060c   Code   RO          418    .text               stm32f10x_fsmc.o
    0x08006444   0x0000035c   Code   RO          430    .text               stm32f10x_gpio.o
    0x080067a0   0x000000cc   Code   RO          442    .text               stm32f10x_pwr.o
    0x0800686c   0x000003a4   Code   RO          454    .text               stm32f10x_rcc.o
    0x08006c10   0x00000408   Code   RO          468    .text               stm32f10x_usart.o
    0x08007018   0x00000148   Code   RO          480    .text               stm32f10x_rtc.o
    0x08007160   0x00000e1a   Code   RO          492    .text               stm32f10x_tim.o
    0x08007f7a   0x00000002   PAD
    0x08007f7c   0x0000011c   Code   RO          504    .text               stm32f10x_exti.o
    0x08008098   0x00000c38   Code   RO          516    .text               usmart.o
    0x08008cd0   0x00000528   Code   RO          545    .text               usmart_str.o
    0x080091f8   0x00000002   Code   RO          559    .text               c_w.l(use_no_semi_2.o)
    0x080091fa   0x00000002   PAD
    0x080091fc   0x00000018   Code   RO          563    .text               c_w.l(noretval__2printf.o)
    0x08009214   0x0000004e   Code   RO          567    .text               c_w.l(_printf_pad.o)
    0x08009262   0x00000052   Code   RO          569    .text               c_w.l(_printf_str.o)
    0x080092b4   0x00000078   Code   RO          571    .text               c_w.l(_printf_dec.o)
    0x0800932c   0x00000058   Code   RO          576    .text               c_w.l(_printf_hex_int.o)
    0x08009384   0x00000188   Code   RO          611    .text               c_w.l(__printf_flags_ss_wp.o)
    0x0800950c   0x0000003c   Code   RO          621    .text               c_w.l(rand.o)
    0x08009548   0x00000006   Code   RO          625    .text               c_w.l(heapauxi.o)
    0x0800954e   0x00000002   Code   RO          641    .text               c_w.l(use_no_semi.o)
    0x08009550   0x000000b2   Code   RO          644    .text               c_w.l(_printf_intcommon.o)
    0x08009602   0x0000002c   Code   RO          646    .text               c_w.l(_printf_char.o)
    0x0800962e   0x00000002   PAD
    0x08009630   0x00000024   Code   RO          648    .text               c_w.l(_printf_char_file.o)
    0x08009654   0x00000030   Code   RO          716    .text               c_w.l(_printf_char_common.o)
    0x08009684   0x00000008   Code   RO          718    .text               c_w.l(ferror.o)
    0x0800968c   0x0000004a   Code   RO          726    .text               c_w.l(sys_stackheap_outer.o)
    0x080096d6   0x0000000c   Code   RO          730    .text               c_w.l(exit.o)
    0x080096e2   0x00000002   PAD
    0x080096e4   0x00000008   Code   RO          744    .text               c_w.l(libspace.o)
    0x080096ec   0x0000000e   Code   RO          604    i._is_digit         c_w.l(__printf_wp.o)
    0x080096fa   0x00000002   PAD
    0x080096fc   0x0000005a   Code   RO          629    x$fpl$dfixu         fz_ws.l(dfixu.o)
    0x08009756   0x00000026   Code   RO          633    x$fpl$dfltu         fz_ws.l(dflt_clz.o)
    0x0800977c   0x00000154   Code   RO          639    x$fpl$dmul          fz_ws.l(dmul.o)
    0x080098d0   0x0000009c   Code   RO          696    x$fpl$dnaninf       fz_ws.l(dnaninf.o)
    0x0800996c   0x0000000c   Code   RO          698    x$fpl$dretinf       fz_ws.l(dretinf.o)
    0x08009978   0x00000000   Code   RO          700    x$fpl$usenofp       fz_ws.l(usenofp.o)
    0x08009978   0x000017c0   Data   RO          254    .constdata          lcd.o
    0x0800b138   0x00000018   Data   RO          277    .constdata          rtc.o
    0x0800b150   0x00000028   Data   RO          577    .constdata          c_w.l(_printf_hex_int.o)
    0x0800b178   0x00000011   Data   RO          612    .constdata          c_w.l(__printf_flags_ss_wp.o)
    0x0800b189   0x00000003   PAD
    0x0800b18c   0x00000028   Data   RO          517    .conststring        usmart.o
    0x0800b1b4   0x000000a7   Data   RO          532    .conststring        usmart_config.o
    0x0800b25b   0x00000001   PAD
    0x0800b25c   0x00000020   Data   RO          811    Region$$Table       anon$$obj.o


    Execution Region RW_IRAM1 (Base: 0x20000000, Size: 0x000009a0, Max: 0x00010000, ABSOLUTE, COMPRESSED[0x00000074])

    Base Addr    Size         Type   Attr      Idx    E Section Name        Object

    0x20000000   0x00000014   Data   RW          187    .data               system_stm32f10x.o
    0x20000014   0x00000008   Data   RW          206    .data               snakegame.o
    0x2000001c   0x00000001   Data   RW          240    .data               key.o
    0x2000001d   0x00000001   PAD
    0x2000001e   0x00000004   Data   RW          255    .data               lcd.o
    0x20000022   0x00000002   Data   RW          278    .data               rtc.o
    0x20000024   0x00000004   Data   RW          324    .data               delay.o
    0x20000028   0x00000006   Data   RW          356    .data               usart.o
    0x2000002e   0x00000014   Data   RW          455    .data               stm32f10x_rcc.o
    0x20000042   0x00000002   PAD
    0x20000044   0x0000001c   Data   RW          518    .data               usmart.o
    0x20000060   0x0000011c   Data   RW          533    .data               usmart_config.o
    0x2000017c   0x0000000e   Zero   RW          253    .bss                lcd.o
    0x2000018a   0x0000000a   Zero   RW          276    .bss                rtc.o
    0x20000194   0x000000c8   Zero   RW          355    .bss                usart.o
    0x2000025c   0x000000e4   Zero   RW          622    .bss                c_w.l(rand.o)
    0x20000340   0x00000060   Zero   RW          745    .bss                c_w.l(libspace.o)
    0x200003a0   0x00000200   Zero   RW          388    HEAP                startup_stm32f10x_hd.o
    0x200005a0   0x00000400   Zero   RW          387    STACK               startup_stm32f10x_hd.o


==============================================================================

Image component sizes


      Code (inc. data)   RO Data    RW Data    ZI Data      Debug   Object Name

       212         18          0          4          0        995   delay.o
       324         16          0          0          0       1048   exti.o
       216         14          0          1          0        792   key.o
     19030        162       6080          4         14      21678   lcd.o
        76          8          0          0          0        483   led.o
        60          6          0          0          0     263255   main.o
       220         22          0          0          0       1769   misc.o
      1144         62         24          2         10       4182   rtc.o
      1136         96          0          8          0       4087   snakegame.o
        64         26        304          0       1536        780   startup_stm32f10x_hd.o
       196          8          0          0          0       3432   stm32f10x_bkp.o
       284         10          0          0          0       2203   stm32f10x_exti.o
      1548         18          0          0          0       5319   stm32f10x_fsmc.o
       860         38          0          0          0       5617   stm32f10x_gpio.o
        26          0          0          0          0       1166   stm32f10x_it.o
       204         14          0          0          0       1903   stm32f10x_pwr.o
       932         36          0         20          0       8776   stm32f10x_rcc.o
       328          4          0          0          0       2654   stm32f10x_rtc.o
      3610         88          0          0          0      22100   stm32f10x_tim.o
      1032         22          0          0          0       8340   stm32f10x_usart.o
         0          0          0          0          0         32   sys.o
       480         38          0         20          0       1695   system_stm32f10x.o
       320         16          0          6        200       3142   usart.o
      3128       1288         40         28          0       4274   usmart.o
         0          0        167        284          0       1584   usmart_config.o
      1320         12          0          0          0       5025   usmart_str.o

    ----------------------------------------------------------------------
     36756       2022       6648        380       1760     376331   Object Totals
         0          0         32          0          0          0   (incl. Generated)
         6          0          1          3          0          0   (incl. Padding)

    ----------------------------------------------------------------------

      Code (inc. data)   RO Data    RW Data    ZI Data      Debug   Library Member Name

        90          0          0          0          0          0   __dczerorl2.o
         8          0          0          0          0         68   __main.o
       392          4         17          0          0         92   __printf_flags_ss_wp.o
        14          0          0          0          0         68   __printf_wp.o
         0          0          0          0          0          0   __rtentry.o
        12          0          0          0          0          0   __rtentry2.o
         6          0          0          0          0          0   __rtentry4.o
        52          8          0          0          0          0   __scatter.o
        28          0          0          0          0          0   __scatter_zi.o
         6          0          0          0          0          0   _printf_c.o
        44          0          0          0          0        108   _printf_char.o
        48          6          0          0          0         96   _printf_char_common.o
        36          4          0          0          0         80   _printf_char_file.o
         6          0          0          0          0          0   _printf_d.o
       120         16          0          0          0         92   _printf_dec.o
        88          4         40          0          0         88   _printf_hex_int.o
       178          0          0          0          0         88   _printf_intcommon.o
        78          0          0          0          0        108   _printf_pad.o
         0          0          0          0          0          0   _printf_percent.o
         4          0          0          0          0          0   _printf_percent_end.o
         6          0          0          0          0          0   _printf_s.o
        82          0          0          0          0         80   _printf_str.o
         6          0          0          0          0          0   _printf_u.o
         6          0          0          0          0          0   _printf_x.o
        12          0          0          0          0         72   exit.o
         8          0          0          0          0         68   ferror.o
         6          0          0          0          0        152   heapauxi.o
         2          0          0          0          0          0   libinit.o
         6          0          0          0          0          0   libinit2.o
         2          0          0          0          0          0   libshutdown.o
         2          0          0          0          0          0   libshutdown2.o
         8          4          0          0         96         68   libspace.o
        24          4          0          0          0         84   noretval__2printf.o
       112         18          0          0        228        160   rand.o
         2          0          0          0          0          0   rtexit.o
        10          0          0          0          0          0   rtexit2.o
        74          0          0          0          0         80   sys_stackheap_outer.o
         2          0          0          0          0         68   use_no_semi.o
         2          0          0          0          0         68   use_no_semi_2.o
        90          4          0          0          0         92   dfixu.o
        38          0          0          0          0         68   dflt_clz.o
       340         12          0          0          0        104   dmul.o
       156          4          0          0          0         92   dnaninf.o
        12          0          0          0          0         68   dretinf.o
         0          0          0          0          0          0   usenofp.o

    ----------------------------------------------------------------------
      2228         88         60          0        324       2212   Library Totals
        10          0          3          0          0          0   (incl. Padding)

    ----------------------------------------------------------------------

      Code (inc. data)   RO Data    RW Data    ZI Data      Debug   Library Name

      1582         68         57          0        324       1788   c_w.l
       636         20          0          0          0        424   fz_ws.l

    ----------------------------------------------------------------------
      2228         88         60          0        324       2212   Library Totals

    ----------------------------------------------------------------------

==============================================================================


      Code (inc. data)   RO Data    RW Data    ZI Data      Debug   

     38984       2110       6708        380       2084     374899   Grand Totals
     38984       2110       6708        116       2084     374899   ELF Image Totals (compressed)
     38984       2110       6708        116          0          0   ROM Totals

==============================================================================

    Total RO  Size (Code + RO Data)                45692 (  44.62kB)
    Total RW  Size (RW Data + ZI Data)              2464 (   2.41kB)
    Total ROM Size (Code + RO Data + RW Data)      45808 (  44.73kB)

==============================================================================

